Archive member included to satisfy reference by file (symbol)

c:/st/stm32cubeide_1.10.1/stm32cubeide/plugins/com.st.stm32cube.ide.mcu.externaltools.gnu-tools-for-stm32.10.3-2021.10.win32_1.0.200.202301161003/tools/bin/../lib/gcc/arm-none-eabi/10.3.1/../../../../arm-none-eabi/lib/thumb/v7e-m+fp/hard\libc_nano.a(lib_a-errno.o)
                              ./Core/Src/syscalls.o (__errno)
c:/st/stm32cubeide_1.10.1/stm32cubeide/plugins/com.st.stm32cube.ide.mcu.externaltools.gnu-tools-for-stm32.10.3-2021.10.win32_1.0.200.202301161003/tools/bin/../lib/gcc/arm-none-eabi/10.3.1/../../../../arm-none-eabi/lib/thumb/v7e-m+fp/hard\libc_nano.a(lib_a-exit.o)
                              c:/st/stm32cubeide_1.10.1/stm32cubeide/plugins/com.st.stm32cube.ide.mcu.externaltools.gnu-tools-for-stm32.10.3-2021.10.win32_1.0.200.202301161003/tools/bin/../lib/gcc/arm-none-eabi/10.3.1/../../../../arm-none-eabi/lib/thumb/v7e-m+fp/hard/crt0.o (exit)
c:/st/stm32cubeide_1.10.1/stm32cubeide/plugins/com.st.stm32cube.ide.mcu.externaltools.gnu-tools-for-stm32.10.3-2021.10.win32_1.0.200.202301161003/tools/bin/../lib/gcc/arm-none-eabi/10.3.1/../../../../arm-none-eabi/lib/thumb/v7e-m+fp/hard\libc_nano.a(lib_a-impure.o)
                              c:/st/stm32cubeide_1.10.1/stm32cubeide/plugins/com.st.stm32cube.ide.mcu.externaltools.gnu-tools-for-stm32.10.3-2021.10.win32_1.0.200.202301161003/tools/bin/../lib/gcc/arm-none-eabi/10.3.1/../../../../arm-none-eabi/lib/thumb/v7e-m+fp/hard\libc_nano.a(lib_a-exit.o) (_global_impure_ptr)
c:/st/stm32cubeide_1.10.1/stm32cubeide/plugins/com.st.stm32cube.ide.mcu.externaltools.gnu-tools-for-stm32.10.3-2021.10.win32_1.0.200.202301161003/tools/bin/../lib/gcc/arm-none-eabi/10.3.1/../../../../arm-none-eabi/lib/thumb/v7e-m+fp/hard\libc_nano.a(lib_a-init.o)
                              c:/st/stm32cubeide_1.10.1/stm32cubeide/plugins/com.st.stm32cube.ide.mcu.externaltools.gnu-tools-for-stm32.10.3-2021.10.win32_1.0.200.202301161003/tools/bin/../lib/gcc/arm-none-eabi/10.3.1/../../../../arm-none-eabi/lib/thumb/v7e-m+fp/hard/crt0.o (__libc_init_array)
c:/st/stm32cubeide_1.10.1/stm32cubeide/plugins/com.st.stm32cube.ide.mcu.externaltools.gnu-tools-for-stm32.10.3-2021.10.win32_1.0.200.202301161003/tools/bin/../lib/gcc/arm-none-eabi/10.3.1/../../../../arm-none-eabi/lib/thumb/v7e-m+fp/hard\libc_nano.a(lib_a-memset.o)
                              c:/st/stm32cubeide_1.10.1/stm32cubeide/plugins/com.st.stm32cube.ide.mcu.externaltools.gnu-tools-for-stm32.10.3-2021.10.win32_1.0.200.202301161003/tools/bin/../lib/gcc/arm-none-eabi/10.3.1/../../../../arm-none-eabi/lib/thumb/v7e-m+fp/hard/crt0.o (memset)
c:/st/stm32cubeide_1.10.1/stm32cubeide/plugins/com.st.stm32cube.ide.mcu.externaltools.gnu-tools-for-stm32.10.3-2021.10.win32_1.0.200.202301161003/tools/bin/../lib/gcc/arm-none-eabi/10.3.1/../../../../arm-none-eabi/lib/thumb/v7e-m+fp/hard\libc_nano.a(lib_a-strlen.o)
                              ./Core/Src/main.o (strlen)
c:/st/stm32cubeide_1.10.1/stm32cubeide/plugins/com.st.stm32cube.ide.mcu.externaltools.gnu-tools-for-stm32.10.3-2021.10.win32_1.0.200.202301161003/tools/bin/../lib/gcc/arm-none-eabi/10.3.1/thumb/v7e-m+fp/hard\libgcc.a(_arm_muldf3.o)
                              ./Core/Src/BMP180.o (__aeabi_dmul)
c:/st/stm32cubeide_1.10.1/stm32cubeide/plugins/com.st.stm32cube.ide.mcu.externaltools.gnu-tools-for-stm32.10.3-2021.10.win32_1.0.200.202301161003/tools/bin/../lib/gcc/arm-none-eabi/10.3.1/thumb/v7e-m+fp/hard\libgcc.a(_arm_addsubdf3.o)
                              ./Core/Src/main.o (__aeabi_i2d)
c:/st/stm32cubeide_1.10.1/stm32cubeide/plugins/com.st.stm32cube.ide.mcu.externaltools.gnu-tools-for-stm32.10.3-2021.10.win32_1.0.200.202301161003/tools/bin/../lib/gcc/arm-none-eabi/10.3.1/thumb/v7e-m+fp/hard\libgcc.a(_arm_truncdfsf2.o)
                              ./Core/Src/BMP180.o (__aeabi_d2f)
c:/st/stm32cubeide_1.10.1/stm32cubeide/plugins/com.st.stm32cube.ide.mcu.externaltools.gnu-tools-for-stm32.10.3-2021.10.win32_1.0.200.202301161003/tools/bin/../lib/gcc/arm-none-eabi/10.3.1/thumb/v7e-m+fp/hard\libgcc.a(_aeabi_uldivmod.o)
                              ./Drivers/STM32F4xx_HAL_Driver/Src/stm32f4xx_hal_rcc.o (__aeabi_uldivmod)
c:/st/stm32cubeide_1.10.1/stm32cubeide/plugins/com.st.stm32cube.ide.mcu.externaltools.gnu-tools-for-stm32.10.3-2021.10.win32_1.0.200.202301161003/tools/bin/../lib/gcc/arm-none-eabi/10.3.1/thumb/v7e-m+fp/hard\libgcc.a(_udivmoddi4.o)
                              c:/st/stm32cubeide_1.10.1/stm32cubeide/plugins/com.st.stm32cube.ide.mcu.externaltools.gnu-tools-for-stm32.10.3-2021.10.win32_1.0.200.202301161003/tools/bin/../lib/gcc/arm-none-eabi/10.3.1/thumb/v7e-m+fp/hard\libgcc.a(_aeabi_uldivmod.o) (__udivmoddi4)
c:/st/stm32cubeide_1.10.1/stm32cubeide/plugins/com.st.stm32cube.ide.mcu.externaltools.gnu-tools-for-stm32.10.3-2021.10.win32_1.0.200.202301161003/tools/bin/../lib/gcc/arm-none-eabi/10.3.1/thumb/v7e-m+fp/hard\libgcc.a(_dvmd_tls.o)
[...]
Memory Configuration

Name             Origin             Length             Attributes
CCMRAM           0x0000000010000000 0x0000000000010000 xrw
RAM              0x0000000020000000 0x0000000000020000 xrw
FLASH            0x0000000008000000 0x0000000000100000 xr
*default*        0x0000000000000000 0xffffffffffffffff

Linker script and memory map

LOAD c:/st/stm32cubeide_1.10.1/stm32cubeide/plugins/com.st.stm32cube.ide.mcu.externaltools.gnu-tools-for-stm32.10.3-2021.10.win32_1.0.200.202301161003/tools/bin/../lib/gcc/arm-none-eabi/10.3.1/thumb/v7e-m+fp/hard/crti.o
LOAD c:/st/stm32cubeide_1.10.1/stm32cubeide/plugins/com.st.stm32cube.ide.mcu.externaltools.gnu-tools-for-stm32.10.3-2021.10.win32_1.0.200.202301161003/tools/bin/../lib/gcc/arm-none-eabi/10.3.1/thumb/v7e-m+fp/hard/crtbegin.o
LOAD c:/st/stm32cubeide_1.10.1/stm32cubeide/plugins/com.st.stm32cube.ide.mcu.externaltools.gnu-tools-for-stm32.10.3-2021.10.win32_1.0.200.202301161003/tools/bin/../lib/gcc/arm-none-eabi/10.3.1/../../../../arm-none-eabi/lib/thumb/v7e-m+fp/hard/crt0.o
LOAD ./Core/Src/BMP180.o
LOAD ./Core/Src/main.o
LOAD ./Core/Src/stm32f4xx_hal_msp.o
LOAD ./Core/Src/stm32f4xx_it.o
LOAD ./Core/Src/syscalls.o
LOAD ./Core/Src/sysmem.o
LOAD ./Core/Src/system_stm32f4xx.o
LOAD ./Core/Startup/startup_stm32f407vgtx.o
LOAD ./Drivers/STM32F4xx_HAL_Driver/Src/stm32f4xx_hal.o
LOAD ./Drivers/STM32F4xx_HAL_Driver/Src/stm32f4xx_hal_cortex.o
LOAD ./Drivers/STM32F4xx_HAL_Driver/Src/stm32f4xx_hal_dma.o
LOAD ./Drivers/STM32F4xx_HAL_Driver/Src/stm32f4xx_hal_dma_ex.o
LOAD ./Drivers/STM32F4xx_HAL_Driver/Src/stm32f4xx_hal_exti.o
LOAD ./Drivers/STM32F4xx_HAL_Driver/Src/stm32f4xx_hal_flash.o
LOAD ./Drivers/STM32F4xx_HAL_Driver/Src/stm32f4xx_hal_flash_ex.o
LOAD ./Drivers/STM32F4xx_HAL_Driver/Src/stm32f4xx_hal_flash_ramfunc.o
LOAD ./Drivers/STM32F4xx_HAL_Driver/Src/stm32f4xx_hal_gpio.o
LOAD ./Drivers/STM32F4xx_HAL_Driver/Src/stm32f4xx_hal_i2c.o
LOAD ./Drivers/STM32F4xx_HAL_Driver/Src/stm32f4xx_hal_i2c_ex.o
LOAD ./Drivers/STM32F4xx_HAL_Driver/Src/stm32f4xx_hal_pcd.o
LOAD ./Drivers/STM32F4xx_HAL_Driver/Src/stm32f4xx_hal_pcd_ex.o
LOAD ./Drivers/STM32F4xx_HAL_Driver/Src/stm32f4xx_hal_pwr.o
LOAD ./Drivers/STM32F4xx_HAL_Driver/Src/stm32f4xx_hal_pwr_ex.o
LOAD ./Drivers/STM32F4xx_HAL_Driver/Src/stm32f4xx_hal_rcc.o
LOAD ./Drivers/STM32F4xx_HAL_Driver/Src/stm32f4xx_hal_rcc_ex.o
LOAD ./Drivers/STM32F4xx_HAL_Driver/Src/stm32f4xx_hal_sd.o
LOAD ./Drivers/STM32F4xx_HAL_Driver/Src/stm32f4xx_hal_tim.o
LOAD ./Drivers/STM32F4xx_HAL_Driver/Src/stm32f4xx_hal_tim_ex.o
LOAD ./Drivers/STM32F4xx_HAL_Driver/Src/stm32f4xx_ll_sdmmc.o
LOAD ./Drivers/STM32F4xx_HAL_Driver/Src/stm32f4xx_ll_usb.o
LOAD ./FATFS/App/fatfs.o
LOAD ./FATFS/Target/bsp_driver_sd.o
LOAD ./FATFS/Target/sd_diskio.o
LOAD ./Middlewares/ST/STM32_USB_Device_Library/Class/CDC/Src/usbd_cdc.o
LOAD ./Middlewares/ST/STM32_USB_Device_Library/Core/Src/usbd_core.o
LOAD ./Middlewares/ST/STM32_USB_Device_Library/Core/Src/usbd_ctlreq.o
LOAD ./Middlewares/ST/STM32_USB_Device_Library/Core/Src/usbd_ioreq.o
LOAD ./Middlewares/Third_Party/FatFs/src/diskio.o
LOAD ./Middlewares/Third_Party/FatFs/src/ff.o
LOAD ./Middlewares/Third_Party/FatFs/src/ff_gen_drv.o
LOAD ./Middlewares/Third_Party/FatFs/src/option/syscall.o
LOAD ./USB_DEVICE/App/usb_device.o
LOAD ./USB_DEVICE/App/usbd_cdc_if.o
LOAD ./USB_DEVICE/App/usbd_desc.o
LOAD ./USB_DEVICE/Target/usbd_conf.o
START GROUP
LOAD c:/st/stm32cubeide_1.10.1/stm32cubeide/plugins/com.st.stm32cube.ide.mcu.externaltools.gnu-tools-for-stm32.10.3-2021.10.win32_1.0.200.202301161003/tools/bin/../lib/gcc/arm-none-eabi/10.3.1/../../../../arm-none-eabi/lib/thumb/v7e-m+fp/hard\libc_nano.a
LOAD c:/st/stm32cubeide_1.10.1/stm32cubeide/plugins/com.st.stm32cube.ide.mcu.externaltools.gnu-tools-for-stm32.10.3-2021.10.win32_1.0.200.202301161003/tools/bin/../lib/gcc/arm-none-eabi/10.3.1/../../../../arm-none-eabi/lib/thumb/v7e-m+fp/hard\libm.a
END GROUP
START GROUP
LOAD c:/st/stm32cubeide_1.10.1/stm32cubeide/plugins/com.st.stm32cube.ide.mcu.externaltools.gnu-tools-for-stm32.10.3-2021.10.win32_1.0.200.202301161003/tools/bin/../lib/gcc/arm-none-eabi/10.3.1/thumb/v7e-m+fp/hard\libgcc.a
LOAD c:/st/stm32cubeide_1.10.1/stm32cubeide/plugins/com.st.stm32cube.ide.mcu.externaltools.gnu-tools-for-stm32.10.3-2021.10.win32_1.0.200.202301161003/tools/bin/../lib/gcc/arm-none-eabi/10.3.1/../../../../arm-none-eabi/lib/thumb/v7e-m+fp/hard\libc_nano.a
END GROUP
START GROUP
LOAD c:/st/stm32cubeide_1.10.1/stm32cubeide/plugins/com.st.stm32cube.ide.mcu.externaltools.gnu-tools-for-stm32.10.3-2021.10.win32_1.0.200.202301161003/tools/bin/../lib/gcc/arm-none-eabi/10.3.1/thumb/v7e-m+fp/hard\libgcc.a
LOAD c:/st/stm32cubeide_1.10.1/stm32cubeide/plugins/com.st.stm32cube.ide.mcu.externaltools.gnu-tools-for-stm32.10.3-2021.10.win32_1.0.200.202301161003/tools/bin/../lib/gcc/arm-none-eabi/10.3.1/../../../../arm-none-eabi/lib/thumb/v7e-m+fp/hard\libc_nano.a
LOAD c:/st/stm32cubeide_1.10.1/stm32cubeide/plugins/com.st.stm32cube.ide.mcu.externaltools.gnu-tools-for-stm32.10.3-2021.10.win32_1.0.200.202301161003/tools/bin/../lib/gcc/arm-none-eabi/10.3.1/../../../../arm-none-eabi/lib/thumb/v7e-m+fp/hard\libnosys.a
END GROUP
START GROUP
LOAD c:/st/stm32cubeide_1.10.1/stm32cubeide/plugins/com.st.stm32cube.ide.mcu.externaltools.gnu-tools-for-stm32.10.3-2021.10.win32_1.0.200.202301161003/tools/bin/../lib/gcc/arm-none-eabi/10.3.1/thumb/v7e-m+fp/hard\libgcc.a
LOAD c:/st/stm32cubeide_1.10.1/stm32cubeide/plugins/com.st.stm32cube.ide.mcu.externaltools.gnu-tools-for-stm32.10.3-2021.10.win32_1.0.200.202301161003/tools/bin/../lib/gcc/arm-none-eabi/10.3.1/../../../../arm-none-eabi/lib/thumb/v7e-m+fp/hard\libc_nano.a
LOAD c:/st/stm32cubeide_1.10.1/stm32cubeide/plugins/com.st.stm32cube.ide.mcu.externaltools.gnu-tools-for-stm32.10.3-2021.10.win32_1.0.200.202301161003/tools/bin/../lib/gcc/arm-none-eabi/10.3.1/../../../../arm-none-eabi/lib/thumb/v7e-m+fp/hard\libnosys.a
END GROUP
LOAD c:/st/stm32cubeide_1.10.1/stm32cubeide/plugins/com.st.stm32cube.ide.mcu.externaltools.gnu-tools-for-stm32.10.3-2021.10.win32_1.0.200.202301161003/tools/bin/../lib/gcc/arm-none-eabi/10.3.1/thumb/v7e-m+fp/hard/crtend.o
LOAD c:/st/stm32cubeide_1.10.1/stm32cubeide/plugins/com.st.stm32cube.ide.mcu.externaltools.gnu-tools-for-stm32.10.3-2021.10.win32_1.0.200.202301161003/tools/bin/../lib/gcc/arm-none-eabi/10.3.1/thumb/v7e-m+fp/hard/crtn.o
                0x0000000020020000                _estack = (ORIGIN (RAM) + LENGTH (RAM))
                0x0000000000000200                _Min_Heap_Size = 0x200
                0x0000000000000400                _Min_Stack_Size = 0x400

.isr_vector     0x0000000008000000      0x188
                0x0000000008000000                . = ALIGN (0x4)
 *(.isr_vector)
 .isr_vector    0x0000000008000000      0x188 ./Core/Startup/startup_stm32f407vgtx.o
                0x0000000008000000                g_pfnVectors
                0x0000000008000188                . = ALIGN (0x4)

.text           0x0000000008000188     0xed64
                0x0000000008000188                . = ALIGN (0x4)
 *(.text)
 .text          0x0000000008000188       0x40 c:/st/stm32cubeide_1.10.1/stm32cubeide/plugins/com.st.stm32cube.ide.mcu.externaltools.gnu-tools-for-stm32.10.3-2021.10.win32_1.0.200.202301161003/tools/bin/../lib/gcc/arm-none-eabi/10.3.1/thumb/v7e-m+fp/hard/crtbegin.o
 .text          0x00000000080001c8       0x10 c:/st/stm32cubeide_1.10.1/stm32cubeide/plugins/com.st.stm32cube.ide.mcu.externaltools.gnu-tools-for-stm32.10.3-2021.10.win32_1.0.200.202301161003/tools/bin/../lib/gcc/arm-none-eabi/10.3.1/../../../../arm-none-eabi/lib/thumb/v7e-m+fp/hard\libc_nano.a(lib_a-strlen.o)
                0x00000000080001c8                strlen
 .text          0x00000000080001d8      0x254 c:/st/stm32cubeide_1.10.1/stm32cubeide/plugins/com.st.stm32cube.ide.mcu.externaltools.gnu-tools-for-stm32.10.3-2021.10.win32_1.0.200.202301161003/tools/bin/../lib/gcc/arm-none-eabi/10.3.1/thumb/v7e-m+fp/hard\libgcc.a(_arm_muldf3.o)
                0x00000000080001d8                __muldf3
                0x00000000080001d8                __aeabi_dmul
 .text          0x000000000800042c      0x378 c:/st/stm32cubeide_1.10.1/stm32cubeide/plugins/com.st.stm32cube.ide.mcu.externaltools.gnu-tools-for-stm32.10.3-2021.10.win32_1.0.200.202301161003/tools/bin/../lib/gcc/arm-none-eabi/10.3.1/thumb/v7e-m+fp/hard\libgcc.a(_arm_addsubdf3.o)
                0x000000000800042c                __aeabi_drsub
                0x0000000008000434                __aeabi_dsub
                0x0000000008000434                __subdf3
                0x0000000008000438                __aeabi_dadd
                0x0000000008000438                __adddf3
                0x00000000080006b0                __floatunsidf
                0x00000000080006b0                __aeabi_ui2d
                0x00000000080006d0                __floatsidf
                0x00000000080006d0                __aeabi_i2d
                0x00000000080006f4                __aeabi_f2d
                0x00000000080006f4                __extendsfdf2
                0x0000000008000738                __floatundidf
                0x0000000008000738                __aeabi_ul2d
                0x0000000008000748                __floatdidf
                0x0000000008000748                __aeabi_l2d
 .text          0x00000000080007a4       0xa0 c:/st/stm32cubeide_1.10.1/stm32cubeide/plugins/com.st.stm32cube.ide.mcu.externaltools.gnu-tools-for-stm32.10.3-2021.10.win32_1.0.200.202301161003/tools/bin/../lib/gcc/arm-none-eabi/10.3.1/thumb/v7e-m+fp/hard\libgcc.a(_arm_truncdfsf2.o)
                0x00000000080007a4                __truncdfsf2
                0x00000000080007a4                __aeabi_d2f
 .text          0x0000000008000844       0x30 c:/st/stm32cubeide_1.10.1/stm32cubeide/plugins/com.st.stm32cube.ide.mcu.externaltools.gnu-tools-for-stm32.10.3-2021.10.win32_1.0.200.202301161003/tools/bin/../lib/gcc/arm-none-eabi/10.3.1/thumb/v7e-m+fp/hard\libgcc.a(_aeabi_uldivmod.o)
                0x0000000008000844                __aeabi_uldivmod
 .text          0x0000000008000874      0x2d0 c:/st/stm32cubeide_1.10.1/stm32cubeide/plugins/com.st.stm32cube.ide.mcu.externaltools.gnu-tools-for-stm32.10.3-2021.10.win32_1.0.200.202301161003/tools/bin/../lib/gcc/arm-none-eabi/10.3.1/thumb/v7e-m+fp/hard\libgcc.a(_udivmoddi4.o)
                0x0000000008000874                __udivmoddi4
 .text          0x0000000008000b44        0x4 c:/st/stm32cubeide_1.10.1/stm32cubeide/plugins/com.st.stm32cube.ide.mcu.externaltools.gnu-tools-for-stm32.10.3-2021.10.win32_1.0.200.202301161003/tools/bin/../lib/gcc/arm-none-eabi/10.3.1/thumb/v7e-m+fp/hard\libgcc.a(_dvmd_tls.o)
                0x0000000008000b44                __aeabi_idiv0
                0x0000000008000b44                __aeabi_ldiv0
 *(.text*)
 .text.BMP180_Init
                0x0000000008000b48       0x38 ./Core/Src/BMP180.o
                0x0000000008000b48                BMP180_Init
 .text.BMP180_Get_Calibration_Value
                0x0000000008000b80      0x4bc ./Core/Src/BMP180.o
                0x0000000008000b80                BMP180_Get_Calibration_Value
 *fill*         0x000000000800103c        0x4 
 .text.BMP180_Get_Temparature
                0x0000000008001040       0xe0 ./Core/Src/BMP180.o
                0x0000000008001040                BMP180_Get_Temparature
 .text.BMP180_Get_Pressure
                0x0000000008001120      0x290 ./Core/Src/BMP180.o
                0x0000000008001120                BMP180_Get_Pressure
 .text.BMP180_Get_Uncompansated_Pressure
                0x00000000080013b0       0x78 ./Core/Src/BMP180.o
                0x00000000080013b0                BMP180_Get_Uncompansated_Pressure
 .text.sd_card_start
                0x0000000008001428      0x150 ./Core/Src/main.o
                0x0000000008001428                sd_card_start
 .text.sd_card_stop
                0x0000000008001578       0x4c ./Core/Src/main.o
                0x0000000008001578                sd_card_stop
 .text.sd_card_write
                0x00000000080015c4       0x20 ./Core/Src/main.o
                0x00000000080015c4                sd_card_write
 .text.i2c1_AM2320_sensor
                0x00000000080015e4       0x4c ./Core/Src/main.o
                0x00000000080015e4                i2c1_AM2320_sensor
 .text.ADXL345_Read
                0x0000000008001630       0x40 ./Core/Src/main.o
                0x0000000008001630                ADXL345_Read
 .text.ADXL345_Write
                0x0000000008001670       0x3c ./Core/Src/main.o
                0x0000000008001670                ADXL345_Write
 .text.ADXL345_Init
                0x00000000080016ac       0x28 ./Core/Src/main.o
                0x00000000080016ac                ADXL345_Init
 *fill*         0x00000000080016d4        0x4 
 .text.i2c1_adxl345_sensor
                0x00000000080016d8       0xf4 ./Core/Src/main.o
                0x00000000080016d8                i2c1_adxl345_sensor
 .text.i2c1_bmp180_sensor
                0x00000000080017cc       0x10 ./Core/Src/main.o
                0x00000000080017cc                i2c1_bmp180_sensor
 .text.HAL_TIM_PeriodElapsedCallback
                0x00000000080017dc       0x1c ./Core/Src/main.o
                0x00000000080017dc                HAL_TIM_PeriodElapsedCallback
 .text.main     0x00000000080017f8       0x3c ./Core/Src/main.o
                0x00000000080017f8                main
 .text.SystemClock_Config
                0x0000000008001834       0xd4 ./Core/Src/main.o
                0x0000000008001834                SystemClock_Config
 .text.MX_I2C1_Init
                0x0000000008001908       0x5c ./Core/Src/main.o
 .text.MX_SDIO_SD_Init
                0x0000000008001964       0x40 ./Core/Src/main.o
 .text.MX_TIM2_Init
                0x00000000080019a4       0x9c ./Core/Src/main.o
 .text.MX_DMA_Init
                0x0000000008001a40       0x50 ./Core/Src/main.o
 .text.MX_GPIO_Init
                0x0000000008001a90       0xa4 ./Core/Src/main.o
 .text.Error_Handler
                0x0000000008001b34        0xa ./Core/Src/main.o
                0x0000000008001b34                Error_Handler
 *fill*         0x0000000008001b3e        0x2 
 .text.HAL_MspInit
                0x0000000008001b40       0x50 ./Core/Src/stm32f4xx_hal_msp.o
                0x0000000008001b40                HAL_MspInit
 .text.HAL_I2C_MspInit
                0x0000000008001b90       0x90 ./Core/Src/stm32f4xx_hal_msp.o
                0x0000000008001b90                HAL_I2C_MspInit
 .text.HAL_SD_MspInit
                0x0000000008001c20      0x1f0 ./Core/Src/stm32f4xx_hal_msp.o
                0x0000000008001c20                HAL_SD_MspInit
 .text.HAL_TIM_Base_MspInit
                0x0000000008001e10       0x4c ./Core/Src/stm32f4xx_hal_msp.o
                0x0000000008001e10                HAL_TIM_Base_MspInit
 .text.NMI_Handler
                0x0000000008001e5c        0x6 ./Core/Src/stm32f4xx_it.o
                0x0000000008001e5c                NMI_Handler
 .text.HardFault_Handler
                0x0000000008001e62        0x6 ./Core/Src/stm32f4xx_it.o
                0x0000000008001e62                HardFault_Handler
 .text.MemManage_Handler
                0x0000000008001e68        0x6 ./Core/Src/stm32f4xx_it.o
                0x0000000008001e68                MemManage_Handler
 .text.BusFault_Handler
                0x0000000008001e6e        0x6 ./Core/Src/stm32f4xx_it.o
                0x0000000008001e6e                BusFault_Handler
 .text.UsageFault_Handler
                0x0000000008001e74        0x6 ./Core/Src/stm32f4xx_it.o
                0x0000000008001e74                UsageFault_Handler
 .text.SVC_Handler
                0x0000000008001e7a        0xe ./Core/Src/stm32f4xx_it.o
                0x0000000008001e7a                SVC_Handler
 .text.DebugMon_Handler
                0x0000000008001e88        0xe ./Core/Src/stm32f4xx_it.o
                0x0000000008001e88                DebugMon_Handler
 .text.PendSV_Handler
                0x0000000008001e96        0xe ./Core/Src/stm32f4xx_it.o
                0x0000000008001e96                PendSV_Handler
 .text.SysTick_Handler
                0x0000000008001ea4        0xc ./Core/Src/stm32f4xx_it.o
                0x0000000008001ea4                SysTick_Handler
 .text.TIM2_IRQHandler
                0x0000000008001eb0       0x14 ./Core/Src/stm32f4xx_it.o
                0x0000000008001eb0                TIM2_IRQHandler
 .text.DMA2_Stream3_IRQHandler
                0x0000000008001ec4       0x14 ./Core/Src/stm32f4xx_it.o
                0x0000000008001ec4                DMA2_Stream3_IRQHandler
 .text.OTG_FS_IRQHandler
                0x0000000008001ed8       0x14 ./Core/Src/stm32f4xx_it.o
                0x0000000008001ed8                OTG_FS_IRQHandler
 .text.DMA2_Stream6_IRQHandler
                0x0000000008001eec       0x14 ./Core/Src/stm32f4xx_it.o
                0x0000000008001eec                DMA2_Stream6_IRQHandler
 .text.SystemInit
                0x0000000008001f00       0x24 ./Core/Src/system_stm32f4xx.o
                0x0000000008001f00                SystemInit
 .text.Reset_Handler
                0x0000000008001f24       0x50 ./Core/Startup/startup_stm32f407vgtx.o
                0x0000000008001f24                Reset_Handler
 .text.Default_Handler
                0x0000000008001f74        0x2 ./Core/Startup/startup_stm32f407vgtx.o
                0x0000000008001f74                RTC_Alarm_IRQHandler
                0x0000000008001f74                HASH_RNG_IRQHandler
                0x0000000008001f74                EXTI2_IRQHandler
                0x0000000008001f74                TIM8_CC_IRQHandler
                0x0000000008001f74                TIM1_CC_IRQHandler
                0x0000000008001f74                DMA2_Stream5_IRQHandler
                0x0000000008001f74                DMA1_Stream5_IRQHandler
                0x0000000008001f74                PVD_IRQHandler
                0x0000000008001f74                SDIO_IRQHandler
                0x0000000008001f74                TAMP_STAMP_IRQHandler
                0x0000000008001f74                CAN2_RX1_IRQHandler
                0x0000000008001f74                EXTI3_IRQHandler
                0x0000000008001f74                TIM8_TRG_COM_TIM14_IRQHandler
                0x0000000008001f74                TIM1_UP_TIM10_IRQHandler
                0x0000000008001f74                TIM8_UP_TIM13_IRQHandler
                0x0000000008001f74                I2C3_ER_IRQHandler
                0x0000000008001f74                EXTI0_IRQHandler
                0x0000000008001f74                I2C2_EV_IRQHandler
                0x0000000008001f74                DMA1_Stream2_IRQHandler
                0x0000000008001f74                CAN1_RX0_IRQHandler
                0x0000000008001f74                FPU_IRQHandler
                0x0000000008001f74                OTG_HS_WKUP_IRQHandler
                0x0000000008001f74                CAN2_SCE_IRQHandler
                0x0000000008001f74                DMA2_Stream2_IRQHandler
                0x0000000008001f74                SPI1_IRQHandler
                0x0000000008001f74                TIM6_DAC_IRQHandler
                0x0000000008001f74                TIM1_BRK_TIM9_IRQHandler
                0x0000000008001f74                DCMI_IRQHandler
                0x0000000008001f74                CAN2_RX0_IRQHandler
                0x0000000008001f74                USART6_IRQHandler
                0x0000000008001f74                USART3_IRQHandler
                0x0000000008001f74                CAN1_RX1_IRQHandler
                0x0000000008001f74                UART5_IRQHandler
                0x0000000008001f74                DMA2_Stream0_IRQHandler
                0x0000000008001f74                TIM4_IRQHandler
                0x0000000008001f74                I2C1_EV_IRQHandler
                0x0000000008001f74                DMA1_Stream6_IRQHandler
                0x0000000008001f74                DMA1_Stream1_IRQHandler
                0x0000000008001f74                UART4_IRQHandler
                0x0000000008001f74                TIM3_IRQHandler
                0x0000000008001f74                RCC_IRQHandler
                0x0000000008001f74                TIM8_BRK_TIM12_IRQHandler
                0x0000000008001f74                Default_Handler
                0x0000000008001f74                EXTI15_10_IRQHandler
                0x0000000008001f74                ADC_IRQHandler
                0x0000000008001f74                DMA1_Stream7_IRQHandler
                0x0000000008001f74                TIM7_IRQHandler
                0x0000000008001f74                CAN2_TX_IRQHandler
                0x0000000008001f74                TIM5_IRQHandler
                0x0000000008001f74                DMA2_Stream7_IRQHandler
                0x0000000008001f74                I2C3_EV_IRQHandler
                0x0000000008001f74                EXTI9_5_IRQHandler
                0x0000000008001f74                RTC_WKUP_IRQHandler
                0x0000000008001f74                ETH_WKUP_IRQHandler
                0x0000000008001f74                SPI2_IRQHandler
                0x0000000008001f74                OTG_HS_EP1_IN_IRQHandler
                0x0000000008001f74                DMA1_Stream0_IRQHandler
                0x0000000008001f74                CAN1_TX_IRQHandler
                0x0000000008001f74                EXTI4_IRQHandler
                0x0000000008001f74                FSMC_IRQHandler
                0x0000000008001f74                ETH_IRQHandler
                0x0000000008001f74                OTG_HS_EP1_OUT_IRQHandler
                0x0000000008001f74                WWDG_IRQHandler
                0x0000000008001f74                OTG_FS_WKUP_IRQHandler
                0x0000000008001f74                TIM1_TRG_COM_TIM11_IRQHandler
                0x0000000008001f74                OTG_HS_IRQHandler
                0x0000000008001f74                EXTI1_IRQHandler
                0x0000000008001f74                USART2_IRQHandler
                0x0000000008001f74                I2C2_ER_IRQHandler
                0x0000000008001f74                DMA2_Stream1_IRQHandler
                0x0000000008001f74                CAN1_SCE_IRQHandler
                0x0000000008001f74                FLASH_IRQHandler
                0x0000000008001f74                DMA2_Stream4_IRQHandler
                0x0000000008001f74                USART1_IRQHandler
                0x0000000008001f74                SPI3_IRQHandler
                0x0000000008001f74                DMA1_Stream4_IRQHandler
                0x0000000008001f74                I2C1_ER_IRQHandler
                0x0000000008001f74                DMA1_Stream3_IRQHandler
 *fill*         0x0000000008001f76        0x2 
 .text.HAL_Init
                0x0000000008001f78       0x44 ./Drivers/STM32F4xx_HAL_Driver/Src/stm32f4xx_hal.o
                0x0000000008001f78                HAL_Init
 .text.HAL_InitTick
                0x0000000008001fbc       0x60 ./Drivers/STM32F4xx_HAL_Driver/Src/stm32f4xx_hal.o
                0x0000000008001fbc                HAL_InitTick
 .text.HAL_IncTick
                0x000000000800201c       0x28 ./Drivers/STM32F4xx_HAL_Driver/Src/stm32f4xx_hal.o
                0x000000000800201c                HAL_IncTick
 .text.HAL_GetTick
                0x0000000008002044       0x18 ./Drivers/STM32F4xx_HAL_Driver/Src/stm32f4xx_hal.o
                0x0000000008002044                HAL_GetTick
 .text.HAL_Delay
                0x000000000800205c       0x48 ./Drivers/STM32F4xx_HAL_Driver/Src/stm32f4xx_hal.o
                0x000000000800205c                HAL_Delay
 .text.__NVIC_SetPriorityGrouping
                0x00000000080020a4       0x48 ./Drivers/STM32F4xx_HAL_Driver/Src/stm32f4xx_hal_cortex.o
 .text.__NVIC_GetPriorityGrouping
                0x00000000080020ec       0x1c ./Drivers/STM32F4xx_HAL_Driver/Src/stm32f4xx_hal_cortex.o
 .text.__NVIC_EnableIRQ
                0x0000000008002108       0x3c ./Drivers/STM32F4xx_HAL_Driver/Src/stm32f4xx_hal_cortex.o
 .text.__NVIC_SetPriority
                0x0000000008002144       0x54 ./Drivers/STM32F4xx_HAL_Driver/Src/stm32f4xx_hal_cortex.o
 .text.NVIC_EncodePriority
                0x0000000008002198       0x66 ./Drivers/STM32F4xx_HAL_Driver/Src/stm32f4xx_hal_cortex.o
 *fill*         0x00000000080021fe        0x2 
 .text.SysTick_Config
                0x0000000008002200       0x44 ./Drivers/STM32F4xx_HAL_Driver/Src/stm32f4xx_hal_cortex.o
 .text.HAL_NVIC_SetPriorityGrouping
                0x0000000008002244       0x16 ./Drivers/STM32F4xx_HAL_Driver/Src/stm32f4xx_hal_cortex.o
                0x0000000008002244                HAL_NVIC_SetPriorityGrouping
 .text.HAL_NVIC_SetPriority
                0x000000000800225a       0x38 ./Drivers/STM32F4xx_HAL_Driver/Src/stm32f4xx_hal_cortex.o
                0x000000000800225a                HAL_NVIC_SetPriority
 .text.HAL_NVIC_EnableIRQ
                0x0000000008002292       0x1c ./Drivers/STM32F4xx_HAL_Driver/Src/stm32f4xx_hal_cortex.o
                0x0000000008002292                HAL_NVIC_EnableIRQ
 .text.HAL_SYSTICK_Config
                0x00000000080022ae       0x18 ./Drivers/STM32F4xx_HAL_Driver/Src/stm32f4xx_hal_cortex.o
                0x00000000080022ae                HAL_SYSTICK_Config
 *fill*         0x00000000080022c6        0x2 
 .text.HAL_DMA_Init
                0x00000000080022c8      0x15c ./Drivers/STM32F4xx_HAL_Driver/Src/stm32f4xx_hal_dma.o
                0x00000000080022c8                HAL_DMA_Init
 .text.HAL_DMA_Start_IT
                0x0000000008002424       0xb0 ./Drivers/STM32F4xx_HAL_Driver/Src/stm32f4xx_hal_dma.o
                0x0000000008002424                HAL_DMA_Start_IT
 .text.HAL_DMA_IRQHandler
                0x00000000080024d4      0x314 ./Drivers/STM32F4xx_HAL_Driver/Src/stm32f4xx_hal_dma.o
                0x00000000080024d4                HAL_DMA_IRQHandler
 .text.HAL_DMA_GetError
                0x00000000080027e8       0x18 ./Drivers/STM32F4xx_HAL_Driver/Src/stm32f4xx_hal_dma.o
                0x00000000080027e8                HAL_DMA_GetError
 .text.DMA_SetConfig
                0x0000000008002800       0x5c ./Drivers/STM32F4xx_HAL_Driver/Src/stm32f4xx_hal_dma.o
 .text.DMA_CalcBaseAndBitshift
                0x000000000800285c       0x6c ./Drivers/STM32F4xx_HAL_Driver/Src/stm32f4xx_hal_dma.o
 .text.DMA_CheckFifoParam
                0x00000000080028c8       0xf8 ./Drivers/STM32F4xx_HAL_Driver/Src/stm32f4xx_hal_dma.o
 .text.HAL_GPIO_Init
                0x00000000080029c0      0x338 ./Drivers/STM32F4xx_HAL_Driver/Src/stm32f4xx_hal_gpio.o
                0x00000000080029c0                HAL_GPIO_Init
 .text.HAL_GPIO_WritePin
                0x0000000008002cf8       0x32 ./Drivers/STM32F4xx_HAL_Driver/Src/stm32f4xx_hal_gpio.o
                0x0000000008002cf8                HAL_GPIO_WritePin
 *fill*         0x0000000008002d2a        0x2 
 .text.HAL_I2C_Init
                0x0000000008002d2c      0x288 ./Drivers/STM32F4xx_HAL_Driver/Src/stm32f4xx_hal_i2c.o
                0x0000000008002d2c                HAL_I2C_Init
 .text.HAL_I2C_Master_Transmit
                0x0000000008002fb4      0x1fc ./Drivers/STM32F4xx_HAL_Driver/Src/stm32f4xx_hal_i2c.o
                0x0000000008002fb4                HAL_I2C_Master_Transmit
 .text.HAL_I2C_Mem_Write
                0x00000000080031b0      0x1f4 ./Drivers/STM32F4xx_HAL_Driver/Src/stm32f4xx_hal_i2c.o
                0x00000000080031b0                HAL_I2C_Mem_Write
 .text.HAL_I2C_Mem_Read
                0x00000000080033a4      0x44c ./Drivers/STM32F4xx_HAL_Driver/Src/stm32f4xx_hal_i2c.o
                0x00000000080033a4                HAL_I2C_Mem_Read
 .text.HAL_I2C_IsDeviceReady
                0x00000000080037f0      0x25c ./Drivers/STM32F4xx_HAL_Driver/Src/stm32f4xx_hal_i2c.o
                0x00000000080037f0                HAL_I2C_IsDeviceReady
 .text.I2C_MasterRequestWrite
                0x0000000008003a4c      0x104 ./Drivers/STM32F4xx_HAL_Driver/Src/stm32f4xx_hal_i2c.o
 .text.I2C_RequestMemoryWrite
                0x0000000008003b50      0x12c ./Drivers/STM32F4xx_HAL_Driver/Src/stm32f4xx_hal_i2c.o
 .text.I2C_RequestMemoryRead
                0x0000000008003c7c      0x1d0 ./Drivers/STM32F4xx_HAL_Driver/Src/stm32f4xx_hal_i2c.o
 .text.I2C_WaitOnFlagUntilTimeout
                0x0000000008003e4c       0xae ./Drivers/STM32F4xx_HAL_Driver/Src/stm32f4xx_hal_i2c.o
 .text.I2C_WaitOnMasterAddressFlagUntilTimeout
                0x0000000008003efa       0xfe ./Drivers/STM32F4xx_HAL_Driver/Src/stm32f4xx_hal_i2c.o
 .text.I2C_WaitOnTXEFlagUntilTimeout
                0x0000000008003ff8       0x82 ./Drivers/STM32F4xx_HAL_Driver/Src/stm32f4xx_hal_i2c.o
 .text.I2C_WaitOnBTFFlagUntilTimeout
                0x000000000800407a       0x82 ./Drivers/STM32F4xx_HAL_Driver/Src/stm32f4xx_hal_i2c.o
 .text.I2C_WaitOnRXNEFlagUntilTimeout
                0x00000000080040fc       0xac ./Drivers/STM32F4xx_HAL_Driver/Src/stm32f4xx_hal_i2c.o
 .text.I2C_IsAcknowledgeFailed
                0x00000000080041a8       0x5e ./Drivers/STM32F4xx_HAL_Driver/Src/stm32f4xx_hal_i2c.o
 .text.HAL_PCD_Init
                0x0000000008004206      0x23a ./Drivers/STM32F4xx_HAL_Driver/Src/stm32f4xx_hal_pcd.o
                0x0000000008004206                HAL_PCD_Init
 .text.HAL_PCD_Start
                0x0000000008004440       0x66 ./Drivers/STM32F4xx_HAL_Driver/Src/stm32f4xx_hal_pcd.o
                0x0000000008004440                HAL_PCD_Start
 .text.HAL_PCD_IRQHandler
                0x00000000080044a6      0x93e ./Drivers/STM32F4xx_HAL_Driver/Src/stm32f4xx_hal_pcd.o
                0x00000000080044a6                HAL_PCD_IRQHandler
 .text.HAL_PCD_SetAddress
                0x0000000008004de4       0x4a ./Drivers/STM32F4xx_HAL_Driver/Src/stm32f4xx_hal_pcd.o
                0x0000000008004de4                HAL_PCD_SetAddress
 .text.HAL_PCD_EP_Open
                0x0000000008004e2e       0xd0 ./Drivers/STM32F4xx_HAL_Driver/Src/stm32f4xx_hal_pcd.o
                0x0000000008004e2e                HAL_PCD_EP_Open
 .text.HAL_PCD_EP_Close
                0x0000000008004efe       0x94 ./Drivers/STM32F4xx_HAL_Driver/Src/stm32f4xx_hal_pcd.o
                0x0000000008004efe                HAL_PCD_EP_Close
 .text.HAL_PCD_EP_Receive
                0x0000000008004f92       0x96 ./Drivers/STM32F4xx_HAL_Driver/Src/stm32f4xx_hal_pcd.o
                0x0000000008004f92                HAL_PCD_EP_Receive
 .text.HAL_PCD_EP_GetRxCount
                0x0000000008005028       0x30 ./Drivers/STM32F4xx_HAL_Driver/Src/stm32f4xx_hal_pcd.o
                0x0000000008005028                HAL_PCD_EP_GetRxCount
 .text.HAL_PCD_EP_Transmit
                0x0000000008005058       0x94 ./Drivers/STM32F4xx_HAL_Driver/Src/stm32f4xx_hal_pcd.o
                0x0000000008005058                HAL_PCD_EP_Transmit
 .text.HAL_PCD_EP_SetStall
                0x00000000080050ec       0xc8 ./Drivers/STM32F4xx_HAL_Driver/Src/stm32f4xx_hal_pcd.o
                0x00000000080050ec                HAL_PCD_EP_SetStall
 .text.HAL_PCD_EP_ClrStall
                0x00000000080051b4       0xac ./Drivers/STM32F4xx_HAL_Driver/Src/stm32f4xx_hal_pcd.o
                0x00000000080051b4                HAL_PCD_EP_ClrStall
 .text.HAL_PCD_EP_Abort
                0x0000000008005260       0x62 ./Drivers/STM32F4xx_HAL_Driver/Src/stm32f4xx_hal_pcd.o
                0x0000000008005260                HAL_PCD_EP_Abort
 .text.PCD_WriteEmptyTxFifo
                0x00000000080052c2      0x11a ./Drivers/STM32F4xx_HAL_Driver/Src/stm32f4xx_hal_pcd.o
 .text.PCD_EP_OutXfrComplete_int
                0x00000000080053dc      0x1d0 ./Drivers/STM32F4xx_HAL_Driver/Src/stm32f4xx_hal_pcd.o
 .text.PCD_EP_OutSetupPacket_int
                0x00000000080055ac       0x8c ./Drivers/STM32F4xx_HAL_Driver/Src/stm32f4xx_hal_pcd.o
 .text.HAL_PCDEx_SetTxFiFo
                0x0000000008005638       0x8e ./Drivers/STM32F4xx_HAL_Driver/Src/stm32f4xx_hal_pcd_ex.o
                0x0000000008005638                HAL_PCDEx_SetTxFiFo
 .text.HAL_PCDEx_SetRxFiFo
                0x00000000080056c6       0x22 ./Drivers/STM32F4xx_HAL_Driver/Src/stm32f4xx_hal_pcd_ex.o
                0x00000000080056c6                HAL_PCDEx_SetRxFiFo
 .text.HAL_PCDEx_LPM_Callback
                0x00000000080056e8       0x18 ./Drivers/STM32F4xx_HAL_Driver/Src/stm32f4xx_hal_pcd_ex.o
                0x00000000080056e8                HAL_PCDEx_LPM_Callback
 .text.HAL_RCC_OscConfig
                0x0000000008005700      0x4f0 ./Drivers/STM32F4xx_HAL_Driver/Src/stm32f4xx_hal_rcc.o
                0x0000000008005700                HAL_RCC_OscConfig
 .text.HAL_RCC_ClockConfig
                0x0000000008005bf0      0x1cc ./Drivers/STM32F4xx_HAL_Driver/Src/stm32f4xx_hal_rcc.o
                0x0000000008005bf0                HAL_RCC_ClockConfig
 .text.HAL_RCC_GetSysClockFreq
                0x0000000008005dbc      0x20c ./Drivers/STM32F4xx_HAL_Driver/Src/stm32f4xx_hal_rcc.o
                0x0000000008005dbc                HAL_RCC_GetSysClockFreq
 .text.HAL_RCC_GetHCLKFreq
                0x0000000008005fc8       0x18 ./Drivers/STM32F4xx_HAL_Driver/Src/stm32f4xx_hal_rcc.o
                0x0000000008005fc8                HAL_RCC_GetHCLKFreq
 .text.HAL_RCC_GetPCLK1Freq
                0x0000000008005fe0       0x28 ./Drivers/STM32F4xx_HAL_Driver/Src/stm32f4xx_hal_rcc.o
                0x0000000008005fe0                HAL_RCC_GetPCLK1Freq
 .text.HAL_SD_Init
                0x0000000008006008       0x60 ./Drivers/STM32F4xx_HAL_Driver/Src/stm32f4xx_hal_sd.o
                0x0000000008006008                HAL_SD_Init
 .text.HAL_SD_InitCard
                0x0000000008006068      0x100 ./Drivers/STM32F4xx_HAL_Driver/Src/stm32f4xx_hal_sd.o
                0x0000000008006068                HAL_SD_InitCard
 .text.HAL_SD_ReadBlocks_DMA
                0x0000000008006168      0x1c4 ./Drivers/STM32F4xx_HAL_Driver/Src/stm32f4xx_hal_sd.o
                0x0000000008006168                HAL_SD_ReadBlocks_DMA
 .text.HAL_SD_WriteBlocks_DMA
                0x000000000800632c      0x1cc ./Drivers/STM32F4xx_HAL_Driver/Src/stm32f4xx_hal_sd.o
                0x000000000800632c                HAL_SD_WriteBlocks_DMA
 .text.HAL_SD_ErrorCallback
                0x00000000080064f8       0x14 ./Drivers/STM32F4xx_HAL_Driver/Src/stm32f4xx_hal_sd.o
                0x00000000080064f8                HAL_SD_ErrorCallback
 .text.HAL_SD_GetCardCSD
                0x000000000800650c      0x348 ./Drivers/STM32F4xx_HAL_Driver/Src/stm32f4xx_hal_sd.o
                0x000000000800650c                HAL_SD_GetCardCSD
 .text.HAL_SD_GetCardInfo
                0x0000000008006854       0x58 ./Drivers/STM32F4xx_HAL_Driver/Src/stm32f4xx_hal_sd.o
                0x0000000008006854                HAL_SD_GetCardInfo
 .text.HAL_SD_GetCardState
                0x00000000080068ac       0x40 ./Drivers/STM32F4xx_HAL_Driver/Src/stm32f4xx_hal_sd.o
                0x00000000080068ac                HAL_SD_GetCardState
 .text.SD_DMATransmitCplt
                0x00000000080068ec       0x2a ./Drivers/STM32F4xx_HAL_Driver/Src/stm32f4xx_hal_sd.o
 .text.SD_DMAReceiveCplt
                0x0000000008006916       0x70 ./Drivers/STM32F4xx_HAL_Driver/Src/stm32f4xx_hal_sd.o
 *fill*         0x0000000008006986        0x2 
 .text.SD_DMAError
                0x0000000008006988       0xa4 ./Drivers/STM32F4xx_HAL_Driver/Src/stm32f4xx_hal_sd.o
 .text.SD_InitCard
                0x0000000008006a2c      0x19c ./Drivers/STM32F4xx_HAL_Driver/Src/stm32f4xx_hal_sd.o
 .text.SD_PowerON
                0x0000000008006bc8      0x11c ./Drivers/STM32F4xx_HAL_Driver/Src/stm32f4xx_hal_sd.o
 .text.SD_SendStatus
                0x0000000008006ce4       0x50 ./Drivers/STM32F4xx_HAL_Driver/Src/stm32f4xx_hal_sd.o
 .text.HAL_TIM_Base_Init
                0x0000000008006d34       0x9e ./Drivers/STM32F4xx_HAL_Driver/Src/stm32f4xx_hal_tim.o
                0x0000000008006d34                HAL_TIM_Base_Init
 *fill*         0x0000000008006dd2        0x2 
 .text.HAL_TIM_Base_Start_IT
                0x0000000008006dd4       0xe0 ./Drivers/STM32F4xx_HAL_Driver/Src/stm32f4xx_hal_tim.o
                0x0000000008006dd4                HAL_TIM_Base_Start_IT
 .text.HAL_TIM_IRQHandler
                0x0000000008006eb4      0x210 ./Drivers/STM32F4xx_HAL_Driver/Src/stm32f4xx_hal_tim.o
                0x0000000008006eb4                HAL_TIM_IRQHandler
 .text.HAL_TIM_ConfigClockSource
                0x00000000080070c4      0x18e ./Drivers/STM32F4xx_HAL_Driver/Src/stm32f4xx_hal_tim.o
                0x00000000080070c4                HAL_TIM_ConfigClockSource
 .text.HAL_TIM_OC_DelayElapsedCallback
                0x0000000008007252       0x14 ./Drivers/STM32F4xx_HAL_Driver/Src/stm32f4xx_hal_tim.o
                0x0000000008007252                HAL_TIM_OC_DelayElapsedCallback
 .text.HAL_TIM_IC_CaptureCallback
                0x0000000008007266       0x14 ./Drivers/STM32F4xx_HAL_Driver/Src/stm32f4xx_hal_tim.o
                0x0000000008007266                HAL_TIM_IC_CaptureCallback
 .text.HAL_TIM_PWM_PulseFinishedCallback
                0x000000000800727a       0x14 ./Drivers/STM32F4xx_HAL_Driver/Src/stm32f4xx_hal_tim.o
                0x000000000800727a                HAL_TIM_PWM_PulseFinishedCallback
 .text.HAL_TIM_TriggerCallback
                0x000000000800728e       0x14 ./Drivers/STM32F4xx_HAL_Driver/Src/stm32f4xx_hal_tim.o
                0x000000000800728e                HAL_TIM_TriggerCallback
 *fill*         0x00000000080072a2        0x2 
 .text.TIM_Base_SetConfig
                0x00000000080072a4      0x140 ./Drivers/STM32F4xx_HAL_Driver/Src/stm32f4xx_hal_tim.o
                0x00000000080072a4                TIM_Base_SetConfig
 .text.TIM_TI1_ConfigInputStage
                0x00000000080073e4       0x5e ./Drivers/STM32F4xx_HAL_Driver/Src/stm32f4xx_hal_tim.o
 .text.TIM_TI2_ConfigInputStage
                0x0000000008007442       0x60 ./Drivers/STM32F4xx_HAL_Driver/Src/stm32f4xx_hal_tim.o
 .text.TIM_ITRx_SetConfig
                0x00000000080074a2       0x36 ./Drivers/STM32F4xx_HAL_Driver/Src/stm32f4xx_hal_tim.o
 .text.TIM_ETR_SetConfig
                0x00000000080074d8       0x40 ./Drivers/STM32F4xx_HAL_Driver/Src/stm32f4xx_hal_tim.o
                0x00000000080074d8                TIM_ETR_SetConfig
 .text.HAL_TIMEx_MasterConfigSynchronization
                0x0000000008007518       0xf8 ./Drivers/STM32F4xx_HAL_Driver/Src/stm32f4xx_hal_tim_ex.o
                0x0000000008007518                HAL_TIMEx_MasterConfigSynchronization
 .text.HAL_TIMEx_CommutCallback
                0x0000000008007610       0x14 ./Drivers/STM32F4xx_HAL_Driver/Src/stm32f4xx_hal_tim_ex.o
                0x0000000008007610                HAL_TIMEx_CommutCallback
 .text.HAL_TIMEx_BreakCallback
                0x0000000008007624       0x14 ./Drivers/STM32F4xx_HAL_Driver/Src/stm32f4xx_hal_tim_ex.o
                0x0000000008007624                HAL_TIMEx_BreakCallback
 .text.SDIO_Init
                0x0000000008007638       0x56 ./Drivers/STM32F4xx_HAL_Driver/Src/stm32f4xx_ll_sdmmc.o
                0x0000000008007638                SDIO_Init
 .text.SDIO_PowerState_ON
                0x000000000800768e       0x1c ./Drivers/STM32F4xx_HAL_Driver/Src/stm32f4xx_ll_sdmmc.o
                0x000000000800768e                SDIO_PowerState_ON
 .text.SDIO_GetPowerState
                0x00000000080076aa       0x1c ./Drivers/STM32F4xx_HAL_Driver/Src/stm32f4xx_ll_sdmmc.o
                0x00000000080076aa                SDIO_GetPowerState
 .text.SDIO_SendCommand
                0x00000000080076c6       0x54 ./Drivers/STM32F4xx_HAL_Driver/Src/stm32f4xx_ll_sdmmc.o
                0x00000000080076c6                SDIO_SendCommand
 .text.SDIO_GetCommandResponse
                0x000000000800771a       0x1a ./Drivers/STM32F4xx_HAL_Driver/Src/stm32f4xx_ll_sdmmc.o
                0x000000000800771a                SDIO_GetCommandResponse
 .text.SDIO_GetResponse
                0x0000000008007734       0x26 ./Drivers/STM32F4xx_HAL_Driver/Src/stm32f4xx_ll_sdmmc.o
                0x0000000008007734                SDIO_GetResponse
 .text.SDIO_ConfigData
                0x000000000800775a       0x58 ./Drivers/STM32F4xx_HAL_Driver/Src/stm32f4xx_ll_sdmmc.o
                0x000000000800775a                SDIO_ConfigData
 .text.SDMMC_CmdBlockLength
                0x00000000080077b2       0x44 ./Drivers/STM32F4xx_HAL_Driver/Src/stm32f4xx_ll_sdmmc.o
                0x00000000080077b2                SDMMC_CmdBlockLength
 .text.SDMMC_CmdReadSingleBlock
                0x00000000080077f6       0x44 ./Drivers/STM32F4xx_HAL_Driver/Src/stm32f4xx_ll_sdmmc.o
                0x00000000080077f6                SDMMC_CmdReadSingleBlock
 .text.SDMMC_CmdReadMultiBlock
                0x000000000800783a       0x44 ./Drivers/STM32F4xx_HAL_Driver/Src/stm32f4xx_ll_sdmmc.o
                0x000000000800783a                SDMMC_CmdReadMultiBlock
 .text.SDMMC_CmdWriteSingleBlock
                0x000000000800787e       0x44 ./Drivers/STM32F4xx_HAL_Driver/Src/stm32f4xx_ll_sdmmc.o
                0x000000000800787e                SDMMC_CmdWriteSingleBlock
 .text.SDMMC_CmdWriteMultiBlock
                0x00000000080078c2       0x44 ./Drivers/STM32F4xx_HAL_Driver/Src/stm32f4xx_ll_sdmmc.o
                0x00000000080078c2                SDMMC_CmdWriteMultiBlock
 *fill*         0x0000000008007906        0x2 
 .text.SDMMC_CmdStopTransfer
                0x0000000008007908       0x44 ./Drivers/STM32F4xx_HAL_Driver/Src/stm32f4xx_ll_sdmmc.o
                0x0000000008007908                SDMMC_CmdStopTransfer
 .text.SDMMC_CmdSelDesel
                0x000000000800794c       0x46 ./Drivers/STM32F4xx_HAL_Driver/Src/stm32f4xx_ll_sdmmc.o
                0x000000000800794c                SDMMC_CmdSelDesel
 .text.SDMMC_CmdGoIdleState
                0x0000000008007992       0x3c ./Drivers/STM32F4xx_HAL_Driver/Src/stm32f4xx_ll_sdmmc.o
                0x0000000008007992                SDMMC_CmdGoIdleState
 .text.SDMMC_CmdOperCond
                0x00000000080079ce       0x3e ./Drivers/STM32F4xx_HAL_Driver/Src/stm32f4xx_ll_sdmmc.o
                0x00000000080079ce                SDMMC_CmdOperCond
 .text.SDMMC_CmdAppCommand
                0x0000000008007a0c       0x44 ./Drivers/STM32F4xx_HAL_Driver/Src/stm32f4xx_ll_sdmmc.o
                0x0000000008007a0c                SDMMC_CmdAppCommand
 .text.SDMMC_CmdAppOperCommand
                0x0000000008007a50       0x46 ./Drivers/STM32F4xx_HAL_Driver/Src/stm32f4xx_ll_sdmmc.o
                0x0000000008007a50                SDMMC_CmdAppOperCommand
 .text.SDMMC_CmdSendCID
                0x0000000008007a96       0x3c ./Drivers/STM32F4xx_HAL_Driver/Src/stm32f4xx_ll_sdmmc.o
                0x0000000008007a96                SDMMC_CmdSendCID
 .text.SDMMC_CmdSendCSD
                0x0000000008007ad2       0x3e ./Drivers/STM32F4xx_HAL_Driver/Src/stm32f4xx_ll_sdmmc.o
                0x0000000008007ad2                SDMMC_CmdSendCSD
 .text.SDMMC_CmdSetRelAdd
                0x0000000008007b10       0x42 ./Drivers/STM32F4xx_HAL_Driver/Src/stm32f4xx_ll_sdmmc.o
                0x0000000008007b10                SDMMC_CmdSetRelAdd
 .text.SDMMC_CmdSendStatus
                0x0000000008007b52       0x44 ./Drivers/STM32F4xx_HAL_Driver/Src/stm32f4xx_ll_sdmmc.o
                0x0000000008007b52                SDMMC_CmdSendStatus
 *fill*         0x0000000008007b96        0x2 
 .text.SDMMC_GetCmdResp1
                0x0000000008007b98      0x1dc ./Drivers/STM32F4xx_HAL_Driver/Src/stm32f4xx_ll_sdmmc.o
                0x0000000008007b98                SDMMC_GetCmdResp1
 .text.SDMMC_GetCmdResp2
                0x0000000008007d74       0x90 ./Drivers/STM32F4xx_HAL_Driver/Src/stm32f4xx_ll_sdmmc.o
                0x0000000008007d74                SDMMC_GetCmdResp2
 .text.SDMMC_GetCmdResp3
                0x0000000008007e04       0x7c ./Drivers/STM32F4xx_HAL_Driver/Src/stm32f4xx_ll_sdmmc.o
                0x0000000008007e04                SDMMC_GetCmdResp3
 .text.SDMMC_GetCmdResp6
                0x0000000008007e80       0xec ./Drivers/STM32F4xx_HAL_Driver/Src/stm32f4xx_ll_sdmmc.o
                0x0000000008007e80                SDMMC_GetCmdResp6
 .text.SDMMC_GetCmdResp7
                0x0000000008007f6c       0x9c ./Drivers/STM32F4xx_HAL_Driver/Src/stm32f4xx_ll_sdmmc.o
                0x0000000008007f6c                SDMMC_GetCmdResp7
 .text.SDMMC_GetCmdError
                0x0000000008008008       0x58 ./Drivers/STM32F4xx_HAL_Driver/Src/stm32f4xx_ll_sdmmc.o
 .text.USB_CoreInit
                0x0000000008008060       0xc2 ./Drivers/STM32F4xx_HAL_Driver/Src/stm32f4xx_ll_usb.o
                0x0000000008008060                USB_CoreInit
 *fill*         0x0000000008008122        0x2 
 .text.USB_SetTurnaroundTime
                0x0000000008008124      0x144 ./Drivers/STM32F4xx_HAL_Driver/Src/stm32f4xx_ll_usb.o
                0x0000000008008124                USB_SetTurnaroundTime
 .text.USB_EnableGlobalInt
                0x0000000008008268       0x22 ./Drivers/STM32F4xx_HAL_Driver/Src/stm32f4xx_ll_usb.o
                0x0000000008008268                USB_EnableGlobalInt
 .text.USB_DisableGlobalInt
                0x000000000800828a       0x22 ./Drivers/STM32F4xx_HAL_Driver/Src/stm32f4xx_ll_usb.o
                0x000000000800828a                USB_DisableGlobalInt
 .text.USB_SetCurrentMode
                0x00000000080082ac       0x98 ./Drivers/STM32F4xx_HAL_Driver/Src/stm32f4xx_ll_usb.o
                0x00000000080082ac                USB_SetCurrentMode
 .text.USB_DevInit
                0x0000000008008344      0x2c8 ./Drivers/STM32F4xx_HAL_Driver/Src/stm32f4xx_ll_usb.o
                0x0000000008008344                USB_DevInit
 .text.USB_FlushTxFifo
                0x000000000800860c       0x68 ./Drivers/STM32F4xx_HAL_Driver/Src/stm32f4xx_ll_usb.o
                0x000000000800860c                USB_FlushTxFifo
 .text.USB_FlushRxFifo
                0x0000000008008674       0x60 ./Drivers/STM32F4xx_HAL_Driver/Src/stm32f4xx_ll_usb.o
                0x0000000008008674                USB_FlushRxFifo
 .text.USB_SetDevSpeed
                0x00000000080086d4       0x32 ./Drivers/STM32F4xx_HAL_Driver/Src/stm32f4xx_ll_usb.o
                0x00000000080086d4                USB_SetDevSpeed
 .text.USB_GetDevSpeed
                0x0000000008008706       0x4a ./Drivers/STM32F4xx_HAL_Driver/Src/stm32f4xx_ll_usb.o
                0x0000000008008706                USB_GetDevSpeed
 .text.USB_ActivateEndpoint
                0x0000000008008750      0x10e ./Drivers/STM32F4xx_HAL_Driver/Src/stm32f4xx_ll_usb.o
                0x0000000008008750                USB_ActivateEndpoint
 *fill*         0x000000000800885e        0x2 
 .text.USB_DeactivateEndpoint
                0x0000000008008860      0x1b8 ./Drivers/STM32F4xx_HAL_Driver/Src/stm32f4xx_ll_usb.o
                0x0000000008008860                USB_DeactivateEndpoint
 .text.USB_EPStartXfer
                0x0000000008008a18      0x490 ./Drivers/STM32F4xx_HAL_Driver/Src/stm32f4xx_ll_usb.o
                0x0000000008008a18                USB_EPStartXfer
 .text.USB_EP0StartXfer
                0x0000000008008ea8      0x2b0 ./Drivers/STM32F4xx_HAL_Driver/Src/stm32f4xx_ll_usb.o
                0x0000000008008ea8                USB_EP0StartXfer
 .text.USB_EPStopXfer
                0x0000000008009158      0x154 ./Drivers/STM32F4xx_HAL_Driver/Src/stm32f4xx_ll_usb.o
                0x0000000008009158                USB_EPStopXfer
 .text.USB_WritePacket
                0x00000000080092ac       0x7c ./Drivers/STM32F4xx_HAL_Driver/Src/stm32f4xx_ll_usb.o
                0x00000000080092ac                USB_WritePacket
 .text.USB_ReadPacket
                0x0000000008009328       0xb0 ./Drivers/STM32F4xx_HAL_Driver/Src/stm32f4xx_ll_usb.o
                0x0000000008009328                USB_ReadPacket
 .text.USB_EPSetStall
                0x00000000080093d8       0xdc ./Drivers/STM32F4xx_HAL_Driver/Src/stm32f4xx_ll_usb.o
                0x00000000080093d8                USB_EPSetStall
 .text.USB_EPClearStall
                0x00000000080094b4       0xcc ./Drivers/STM32F4xx_HAL_Driver/Src/stm32f4xx_ll_usb.o
                0x00000000080094b4                USB_EPClearStall
 .text.USB_SetDevAddress
                0x0000000008009580       0x4c ./Drivers/STM32F4xx_HAL_Driver/Src/stm32f4xx_ll_usb.o
                0x0000000008009580                USB_SetDevAddress
 .text.USB_DevConnect
                0x00000000080095cc       0x42 ./Drivers/STM32F4xx_HAL_Driver/Src/stm32f4xx_ll_usb.o
                0x00000000080095cc                USB_DevConnect
 .text.USB_DevDisconnect
                0x000000000800960e       0x42 ./Drivers/STM32F4xx_HAL_Driver/Src/stm32f4xx_ll_usb.o
                0x000000000800960e                USB_DevDisconnect
 .text.USB_ReadInterrupts
                0x0000000008009650       0x26 ./Drivers/STM32F4xx_HAL_Driver/Src/stm32f4xx_ll_usb.o
                0x0000000008009650                USB_ReadInterrupts
 .text.USB_ReadDevAllOutEpInterrupt
                0x0000000008009676       0x34 ./Drivers/STM32F4xx_HAL_Driver/Src/stm32f4xx_ll_usb.o
                0x0000000008009676                USB_ReadDevAllOutEpInterrupt
 .text.USB_ReadDevAllInEpInterrupt
                0x00000000080096aa       0x34 ./Drivers/STM32F4xx_HAL_Driver/Src/stm32f4xx_ll_usb.o
                0x00000000080096aa                USB_ReadDevAllInEpInterrupt
 .text.USB_ReadDevOutEPInterrupt
                0x00000000080096de       0x3c ./Drivers/STM32F4xx_HAL_Driver/Src/stm32f4xx_ll_usb.o
                0x00000000080096de                USB_ReadDevOutEPInterrupt
 .text.USB_ReadDevInEPInterrupt
                0x000000000800971a       0x5c ./Drivers/STM32F4xx_HAL_Driver/Src/stm32f4xx_ll_usb.o
                0x000000000800971a                USB_ReadDevInEPInterrupt
 .text.USB_GetMode
                0x0000000008009776       0x1c ./Drivers/STM32F4xx_HAL_Driver/Src/stm32f4xx_ll_usb.o
                0x0000000008009776                USB_GetMode
 .text.USB_ActivateSetup
                0x0000000008009792       0x46 ./Drivers/STM32F4xx_HAL_Driver/Src/stm32f4xx_ll_usb.o
                0x0000000008009792                USB_ActivateSetup
 .text.USB_EP0_OutStart
                0x00000000080097d8       0xbc ./Drivers/STM32F4xx_HAL_Driver/Src/stm32f4xx_ll_usb.o
                0x00000000080097d8                USB_EP0_OutStart
 .text.USB_CoreReset
                0x0000000008009894       0x68 ./Drivers/STM32F4xx_HAL_Driver/Src/stm32f4xx_ll_usb.o
 .text.MX_FATFS_Init
                0x00000000080098fc       0x24 ./FATFS/App/fatfs.o
                0x00000000080098fc                MX_FATFS_Init
 .text.get_fattime
                0x0000000008009920       0x10 ./FATFS/App/fatfs.o
                0x0000000008009920                get_fattime
 .text.BSP_SD_Init
                0x0000000008009930       0x30 ./FATFS/Target/bsp_driver_sd.o
                0x0000000008009930                BSP_SD_Init
 .text.BSP_SD_ReadBlocks_DMA
                0x0000000008009960       0x34 ./FATFS/Target/bsp_driver_sd.o
                0x0000000008009960                BSP_SD_ReadBlocks_DMA
 .text.BSP_SD_WriteBlocks_DMA
                0x0000000008009994       0x34 ./FATFS/Target/bsp_driver_sd.o
                0x0000000008009994                BSP_SD_WriteBlocks_DMA
 .text.BSP_SD_GetCardState
                0x00000000080099c8       0x20 ./FATFS/Target/bsp_driver_sd.o
                0x00000000080099c8                BSP_SD_GetCardState
 .text.BSP_SD_GetCardInfo
                0x00000000080099e8       0x1c ./FATFS/Target/bsp_driver_sd.o
                0x00000000080099e8                BSP_SD_GetCardInfo
 .text.HAL_SD_RxCpltCallback
                0x0000000008009a04       0x14 ./FATFS/Target/bsp_driver_sd.o
                0x0000000008009a04                HAL_SD_RxCpltCallback
 .text.BSP_SD_IsDetected
                0x0000000008009a18       0x1a ./FATFS/Target/bsp_driver_sd.o
                0x0000000008009a18                BSP_SD_IsDetected
 .text.SD_CheckStatusWithTimeout
                0x0000000008009a32       0x3a ./FATFS/Target/sd_diskio.o
 .text.SD_CheckStatus
                0x0000000008009a6c       0x3c ./FATFS/Target/sd_diskio.o
 .text.SD_initialize
                0x0000000008009aa8       0x38 ./FATFS/Target/sd_diskio.o
                0x0000000008009aa8                SD_initialize
 .text.SD_status
                0x0000000008009ae0       0x1c ./FATFS/Target/sd_diskio.o
                0x0000000008009ae0                SD_status
 .text.SD_read  0x0000000008009afc       0xac ./FATFS/Target/sd_diskio.o
                0x0000000008009afc                SD_read
 .text.SD_write
                0x0000000008009ba8       0xac ./FATFS/Target/sd_diskio.o
                0x0000000008009ba8                SD_write
 .text.SD_ioctl
                0x0000000008009c54       0xb0 ./FATFS/Target/sd_diskio.o
                0x0000000008009c54                SD_ioctl
 .text.BSP_SD_ReadCpltCallback
                0x0000000008009d04       0x18 ./FATFS/Target/sd_diskio.o
                0x0000000008009d04                BSP_SD_ReadCpltCallback
 .text.USBD_CDC_Init
                0x0000000008009d1c      0x1f0 ./Middlewares/ST/STM32_USB_Device_Library/Class/CDC/Src/usbd_cdc.o
 .text.USBD_CDC_DeInit
                0x0000000008009f0c      0x104 ./Middlewares/ST/STM32_USB_Device_Library/Class/CDC/Src/usbd_cdc.o
 .text.USBD_CDC_Setup
                0x000000000800a010      0x1b8 ./Middlewares/ST/STM32_USB_Device_Library/Class/CDC/Src/usbd_cdc.o
 .text.USBD_CDC_DataIn
                0x000000000800a1c8       0xfe ./Middlewares/ST/STM32_USB_Device_Library/Class/CDC/Src/usbd_cdc.o
 .text.USBD_CDC_DataOut
                0x000000000800a2c6       0x70 ./Middlewares/ST/STM32_USB_Device_Library/Class/CDC/Src/usbd_cdc.o
 .text.USBD_CDC_EP0_RxReady
                0x000000000800a336       0x76 ./Middlewares/ST/STM32_USB_Device_Library/Class/CDC/Src/usbd_cdc.o
 .text.USBD_CDC_GetFSCfgDesc
                0x000000000800a3ac       0x70 ./Middlewares/ST/STM32_USB_Device_Library/Class/CDC/Src/usbd_cdc.o
 .text.USBD_CDC_GetHSCfgDesc
                0x000000000800a41c       0x70 ./Middlewares/ST/STM32_USB_Device_Library/Class/CDC/Src/usbd_cdc.o
 .text.USBD_CDC_GetOtherSpeedCfgDesc
                0x000000000800a48c       0x70 ./Middlewares/ST/STM32_USB_Device_Library/Class/CDC/Src/usbd_cdc.o
 .text.USBD_CDC_GetDeviceQualifierDescriptor
                0x000000000800a4fc       0x20 ./Middlewares/ST/STM32_USB_Device_Library/Class/CDC/Src/usbd_cdc.o
                0x000000000800a4fc                USBD_CDC_GetDeviceQualifierDescriptor
 .text.USBD_CDC_RegisterInterface
                0x000000000800a51c       0x34 ./Middlewares/ST/STM32_USB_Device_Library/Class/CDC/Src/usbd_cdc.o
                0x000000000800a51c                USBD_CDC_RegisterInterface
 .text.USBD_CDC_SetTxBuffer
                0x000000000800a550       0x44 ./Middlewares/ST/STM32_USB_Device_Library/Class/CDC/Src/usbd_cdc.o
                0x000000000800a550                USBD_CDC_SetTxBuffer
 .text.USBD_CDC_SetRxBuffer
                0x000000000800a594       0x3a ./Middlewares/ST/STM32_USB_Device_Library/Class/CDC/Src/usbd_cdc.o
                0x000000000800a594                USBD_CDC_SetRxBuffer
 *fill*         0x000000000800a5ce        0x2 
 .text.USBD_CDC_TransmitPacket
                0x000000000800a5d0       0x8c ./Middlewares/ST/STM32_USB_Device_Library/Class/CDC/Src/usbd_cdc.o
                0x000000000800a5d0                USBD_CDC_TransmitPacket
 .text.USBD_CDC_ReceivePacket
                0x000000000800a65c       0x6c ./Middlewares/ST/STM32_USB_Device_Library/Class/CDC/Src/usbd_cdc.o
                0x000000000800a65c                USBD_CDC_ReceivePacket
 .text.USBD_Init
                0x000000000800a6c8       0x60 ./Middlewares/ST/STM32_USB_Device_Library/Core/Src/usbd_core.o
                0x000000000800a6c8                USBD_Init
 .text.USBD_RegisterClass
                0x000000000800a728       0x6c ./Middlewares/ST/STM32_USB_Device_Library/Core/Src/usbd_core.o
                0x000000000800a728                USBD_RegisterClass
 .text.USBD_Start
                0x000000000800a794       0x18 ./Middlewares/ST/STM32_USB_Device_Library/Core/Src/usbd_core.o
                0x000000000800a794                USBD_Start
 .text.USBD_RunTestMode
                0x000000000800a7ac       0x16 ./Middlewares/ST/STM32_USB_Device_Library/Core/Src/usbd_core.o
                0x000000000800a7ac                USBD_RunTestMode
 .text.USBD_SetClassConfig
                0x000000000800a7c2       0x38 ./Middlewares/ST/STM32_USB_Device_Library/Core/Src/usbd_core.o
                0x000000000800a7c2                USBD_SetClassConfig
 .text.USBD_ClrClassConfig
                0x000000000800a7fa       0x34 ./Middlewares/ST/STM32_USB_Device_Library/Core/Src/usbd_core.o
                0x000000000800a7fa                USBD_ClrClassConfig
 .text.USBD_LL_SetupStage
                0x000000000800a82e       0xaa ./Middlewares/ST/STM32_USB_Device_Library/Core/Src/usbd_core.o
                0x000000000800a82e                USBD_LL_SetupStage
 .text.USBD_LL_DataOutStage
                0x000000000800a8d8      0x166 ./Middlewares/ST/STM32_USB_Device_Library/Core/Src/usbd_core.o
                0x000000000800a8d8                USBD_LL_DataOutStage
 .text.USBD_LL_DataInStage
                0x000000000800aa3e      0x164 ./Middlewares/ST/STM32_USB_Device_Library/Core/Src/usbd_core.o
                0x000000000800aa3e                USBD_LL_DataInStage
 .text.USBD_LL_Reset
                0x000000000800aba2       0xa4 ./Middlewares/ST/STM32_USB_Device_Library/Core/Src/usbd_core.o
                0x000000000800aba2                USBD_LL_Reset
 .text.USBD_LL_SetSpeed
                0x000000000800ac46       0x20 ./Middlewares/ST/STM32_USB_Device_Library/Core/Src/usbd_core.o
                0x000000000800ac46                USBD_LL_SetSpeed
 .text.USBD_LL_Suspend
                0x000000000800ac66       0x2c ./Middlewares/ST/STM32_USB_Device_Library/Core/Src/usbd_core.o
                0x000000000800ac66                USBD_LL_Suspend
 .text.USBD_LL_Resume
                0x000000000800ac92       0x30 ./Middlewares/ST/STM32_USB_Device_Library/Core/Src/usbd_core.o
                0x000000000800ac92                USBD_LL_Resume
 .text.USBD_LL_SOF
                0x000000000800acc2       0x40 ./Middlewares/ST/STM32_USB_Device_Library/Core/Src/usbd_core.o
                0x000000000800acc2                USBD_LL_SOF
 .text.USBD_LL_IsoINIncomplete
                0x000000000800ad02       0x64 ./Middlewares/ST/STM32_USB_Device_Library/Core/Src/usbd_core.o
                0x000000000800ad02                USBD_LL_IsoINIncomplete
 .text.USBD_LL_IsoOUTIncomplete
                0x000000000800ad66       0x64 ./Middlewares/ST/STM32_USB_Device_Library/Core/Src/usbd_core.o
                0x000000000800ad66                USBD_LL_IsoOUTIncomplete
 .text.USBD_LL_DevConnected
                0x000000000800adca       0x16 ./Middlewares/ST/STM32_USB_Device_Library/Core/Src/usbd_core.o
                0x000000000800adca                USBD_LL_DevConnected
 .text.USBD_LL_DevDisconnected
                0x000000000800ade0       0x46 ./Middlewares/ST/STM32_USB_Device_Library/Core/Src/usbd_core.o
                0x000000000800ade0                USBD_LL_DevDisconnected
 .text.USBD_CoreFindIF
                0x000000000800ae26       0x1a ./Middlewares/ST/STM32_USB_Device_Library/Core/Src/usbd_core.o
                0x000000000800ae26                USBD_CoreFindIF
 .text.USBD_CoreFindEP
                0x000000000800ae40       0x1a ./Middlewares/ST/STM32_USB_Device_Library/Core/Src/usbd_core.o
                0x000000000800ae40                USBD_CoreFindEP
 .text.USBD_GetEpDesc
                0x000000000800ae5a       0x74 ./Middlewares/ST/STM32_USB_Device_Library/Core/Src/usbd_core.o
                0x000000000800ae5a                USBD_GetEpDesc
 .text.USBD_GetNextDesc
                0x000000000800aece       0x3a ./Middlewares/ST/STM32_USB_Device_Library/Core/Src/usbd_core.o
                0x000000000800aece                USBD_GetNextDesc
 .text.SWAPBYTE
                0x000000000800af08       0x3c ./Middlewares/ST/STM32_USB_Device_Library/Core/Src/usbd_ctlreq.o
 .text.USBD_StdDevReq
                0x000000000800af44       0xe4 ./Middlewares/ST/STM32_USB_Device_Library/Core/Src/usbd_ctlreq.o
                0x000000000800af44                USBD_StdDevReq
 .text.USBD_StdItfReq
                0x000000000800b028       0xd8 ./Middlewares/ST/STM32_USB_Device_Library/Core/Src/usbd_ctlreq.o
                0x000000000800b028                USBD_StdItfReq
 .text.USBD_StdEPReq
                0x000000000800b100      0x33a ./Middlewares/ST/STM32_USB_Device_Library/Core/Src/usbd_ctlreq.o
                0x000000000800b100                USBD_StdEPReq
 *fill*         0x000000000800b43a        0x2 
 .text.USBD_GetDescriptor
                0x000000000800b43c      0x2d4 ./Middlewares/ST/STM32_USB_Device_Library/Core/Src/usbd_ctlreq.o
 .text.USBD_SetAddress
                0x000000000800b710       0x88 ./Middlewares/ST/STM32_USB_Device_Library/Core/Src/usbd_ctlreq.o
 .text.USBD_SetConfig
                0x000000000800b798      0x154 ./Middlewares/ST/STM32_USB_Device_Library/Core/Src/usbd_ctlreq.o
 .text.USBD_GetConfig
                0x000000000800b8ec       0x6c ./Middlewares/ST/STM32_USB_Device_Library/Core/Src/usbd_ctlreq.o
 .text.USBD_GetStatus
                0x000000000800b958       0x68 ./Middlewares/ST/STM32_USB_Device_Library/Core/Src/usbd_ctlreq.o
 .text.USBD_SetFeature
                0x000000000800b9c0       0x52 ./Middlewares/ST/STM32_USB_Device_Library/Core/Src/usbd_ctlreq.o
 .text.USBD_ClrFeature
                0x000000000800ba12       0x44 ./Middlewares/ST/STM32_USB_Device_Library/Core/Src/usbd_ctlreq.o
 .text.USBD_ParseSetupRequest
                0x000000000800ba56       0x74 ./Middlewares/ST/STM32_USB_Device_Library/Core/Src/usbd_ctlreq.o
                0x000000000800ba56                USBD_ParseSetupRequest
 .text.USBD_CtlError
                0x000000000800baca       0x22 ./Middlewares/ST/STM32_USB_Device_Library/Core/Src/usbd_ctlreq.o
                0x000000000800baca                USBD_CtlError
 .text.USBD_GetString
                0x000000000800baec       0x8c ./Middlewares/ST/STM32_USB_Device_Library/Core/Src/usbd_ctlreq.o
                0x000000000800baec                USBD_GetString
 .text.USBD_GetLen
                0x000000000800bb78       0x34 ./Middlewares/ST/STM32_USB_Device_Library/Core/Src/usbd_ctlreq.o
 .text.USBD_CtlSendData
                0x000000000800bbac       0x36 ./Middlewares/ST/STM32_USB_Device_Library/Core/Src/usbd_ioreq.o
                0x000000000800bbac                USBD_CtlSendData
 .text.USBD_CtlContinueSendData
                0x000000000800bbe2       0x22 ./Middlewares/ST/STM32_USB_Device_Library/Core/Src/usbd_ioreq.o
                0x000000000800bbe2                USBD_CtlContinueSendData
 .text.USBD_CtlPrepareRx
                0x000000000800bc04       0x3a ./Middlewares/ST/STM32_USB_Device_Library/Core/Src/usbd_ioreq.o
                0x000000000800bc04                USBD_CtlPrepareRx
 .text.USBD_CtlContinueRx
                0x000000000800bc3e       0x22 ./Middlewares/ST/STM32_USB_Device_Library/Core/Src/usbd_ioreq.o
                0x000000000800bc3e                USBD_CtlContinueRx
 .text.USBD_CtlSendStatus
                0x000000000800bc60       0x26 ./Middlewares/ST/STM32_USB_Device_Library/Core/Src/usbd_ioreq.o
                0x000000000800bc60                USBD_CtlSendStatus
 .text.USBD_CtlReceiveStatus
                0x000000000800bc86       0x26 ./Middlewares/ST/STM32_USB_Device_Library/Core/Src/usbd_ioreq.o
                0x000000000800bc86                USBD_CtlReceiveStatus
 .text.disk_status
                0x000000000800bcac       0x34 ./Middlewares/Third_Party/FatFs/src/diskio.o
                0x000000000800bcac                disk_status
 .text.disk_initialize
                0x000000000800bce0       0x4c ./Middlewares/Third_Party/FatFs/src/diskio.o
                0x000000000800bce0                disk_initialize
 .text.disk_read
                0x000000000800bd2c       0x40 ./Middlewares/Third_Party/FatFs/src/diskio.o
                0x000000000800bd2c                disk_read
 .text.disk_write
                0x000000000800bd6c       0x40 ./Middlewares/Third_Party/FatFs/src/diskio.o
                0x000000000800bd6c                disk_write
 .text.disk_ioctl
                0x000000000800bdac       0x3c ./Middlewares/Third_Party/FatFs/src/diskio.o
                0x000000000800bdac                disk_ioctl
 .text.ld_word  0x000000000800bde8       0x30 ./Middlewares/Third_Party/FatFs/src/ff.o
 .text.ld_dword
                0x000000000800be18       0x46 ./Middlewares/Third_Party/FatFs/src/ff.o
 .text.st_word  0x000000000800be5e       0x36 ./Middlewares/Third_Party/FatFs/src/ff.o
 .text.st_dword
                0x000000000800be94       0x58 ./Middlewares/Third_Party/FatFs/src/ff.o
 .text.mem_cpy  0x000000000800beec       0x42 ./Middlewares/Third_Party/FatFs/src/ff.o
 .text.mem_set  0x000000000800bf2e       0x36 ./Middlewares/Third_Party/FatFs/src/ff.o
 .text.mem_cmp  0x000000000800bf64       0x4e ./Middlewares/Third_Party/FatFs/src/ff.o
 .text.chk_chr  0x000000000800bfb2       0x36 ./Middlewares/Third_Party/FatFs/src/ff.o
 .text.chk_lock
                0x000000000800bfe8       0xb8 ./Middlewares/Third_Party/FatFs/src/ff.o
 .text.enq_lock
                0x000000000800c0a0       0x44 ./Middlewares/Third_Party/FatFs/src/ff.o
 .text.inc_lock
                0x000000000800c0e4      0x11c ./Middlewares/Third_Party/FatFs/src/ff.o
 .text.dec_lock
                0x000000000800c200       0x78 ./Middlewares/Third_Party/FatFs/src/ff.o
 .text.clear_lock
                0x000000000800c278       0x48 ./Middlewares/Third_Party/FatFs/src/ff.o
 .text.sync_window
                0x000000000800c2c0       0x88 ./Middlewares/Third_Party/FatFs/src/ff.o
 .text.move_window
                0x000000000800c348       0x5a ./Middlewares/Third_Party/FatFs/src/ff.o
 *fill*         0x000000000800c3a2        0x2 
 .text.sync_fs  0x000000000800c3a4       0xe0 ./Middlewares/Third_Party/FatFs/src/ff.o
 .text.clust2sect
                0x000000000800c484       0x3e ./Middlewares/Third_Party/FatFs/src/ff.o
 .text.get_fat  0x000000000800c4c2      0x1a8 ./Middlewares/Third_Party/FatFs/src/ff.o
 .text.put_fat  0x000000000800c66a      0x238 ./Middlewares/Third_Party/FatFs/src/ff.o
 .text.remove_chain
                0x000000000800c8a2       0xca ./Middlewares/Third_Party/FatFs/src/ff.o
 .text.create_chain
                0x000000000800c96c      0x130 ./Middlewares/Third_Party/FatFs/src/ff.o
 .text.clmt_clust
                0x000000000800ca9c       0x70 ./Middlewares/Third_Party/FatFs/src/ff.o
 .text.dir_sdi  0x000000000800cb0c      0x112 ./Middlewares/Third_Party/FatFs/src/ff.o
 .text.dir_next
                0x000000000800cc1e      0x1ac ./Middlewares/Third_Party/FatFs/src/ff.o
 .text.dir_alloc
                0x000000000800cdca       0x8e ./Middlewares/Third_Party/FatFs/src/ff.o
 .text.ld_clust
                0x000000000800ce58       0x3e ./Middlewares/Third_Party/FatFs/src/ff.o
 .text.st_clust
                0x000000000800ce96       0x40 ./Middlewares/Third_Party/FatFs/src/ff.o
 .text.dir_find
                0x000000000800ced6       0xaa ./Middlewares/Third_Party/FatFs/src/ff.o
 .text.dir_register
                0x000000000800cf80       0x64 ./Middlewares/Third_Party/FatFs/src/ff.o
 .text.get_fileinfo
                0x000000000800cfe4       0xbe ./Middlewares/Third_Party/FatFs/src/ff.o
 *fill*         0x000000000800d0a2        0x2 
 .text.create_name
                0x000000000800d0a4      0x128 ./Middlewares/Third_Party/FatFs/src/ff.o
 .text.follow_path
                0x000000000800d1cc       0xec ./Middlewares/Third_Party/FatFs/src/ff.o
 .text.get_ldnumber
                0x000000000800d2b8       0x88 ./Middlewares/Third_Party/FatFs/src/ff.o
 .text.check_fs
                0x000000000800d340       0xac ./Middlewares/Third_Party/FatFs/src/ff.o
 .text.find_volume
                0x000000000800d3ec      0x500 ./Middlewares/Third_Party/FatFs/src/ff.o
 .text.validate
                0x000000000800d8ec       0x6a ./Middlewares/Third_Party/FatFs/src/ff.o
 *fill*         0x000000000800d956        0x2 
 .text.f_mount  0x000000000800d958       0x8c ./Middlewares/Third_Party/FatFs/src/ff.o
                0x000000000800d958                f_mount
 .text.f_open   0x000000000800d9e4      0x398 ./Middlewares/Third_Party/FatFs/src/ff.o
                0x000000000800d9e4                f_open
 .text.f_write  0x000000000800dd7c      0x328 ./Middlewares/Third_Party/FatFs/src/ff.o
                0x000000000800dd7c                f_write
 .text.f_sync   0x000000000800e0a4       0xfc ./Middlewares/Third_Party/FatFs/src/ff.o
                0x000000000800e0a4                f_sync
 .text.f_close  0x000000000800e1a0       0x54 ./Middlewares/Third_Party/FatFs/src/ff.o
                0x000000000800e1a0                f_close
 .text.f_stat   0x000000000800e1f4       0x72 ./Middlewares/Third_Party/FatFs/src/ff.o
                0x000000000800e1f4                f_stat
 .text.putc_bfd
                0x000000000800e266       0x6c ./Middlewares/Third_Party/FatFs/src/ff.o
 .text.putc_flush
                0x000000000800e2d2       0x4a ./Middlewares/Third_Party/FatFs/src/ff.o
 .text.putc_init
                0x000000000800e31c       0x2a ./Middlewares/Third_Party/FatFs/src/ff.o
 .text.f_puts   0x000000000800e346       0x48 ./Middlewares/Third_Party/FatFs/src/ff.o
                0x000000000800e346                f_puts
 *fill*         0x000000000800e38e        0x2 
 .text.FATFS_LinkDriverEx
                0x000000000800e390       0x98 ./Middlewares/Third_Party/FatFs/src/ff_gen_drv.o
                0x000000000800e390                FATFS_LinkDriverEx
 .text.FATFS_LinkDriver
                0x000000000800e428       0x1e ./Middlewares/Third_Party/FatFs/src/ff_gen_drv.o
                0x000000000800e428                FATFS_LinkDriver
 *fill*         0x000000000800e446        0x2 
 .text.MX_USB_DEVICE_Init
                0x000000000800e448       0x60 ./USB_DEVICE/App/usb_device.o
                0x000000000800e448                MX_USB_DEVICE_Init
 .text.CDC_Init_FS
                0x000000000800e4a8       0x28 ./USB_DEVICE/App/usbd_cdc_if.o
 .text.CDC_DeInit_FS
                0x000000000800e4d0       0x10 ./USB_DEVICE/App/usbd_cdc_if.o
 .text.CDC_Control_FS
                0x000000000800e4e0       0xbc ./USB_DEVICE/App/usbd_cdc_if.o
 .text.CDC_Receive_FS
                0x000000000800e59c       0x28 ./USB_DEVICE/App/usbd_cdc_if.o
 .text.CDC_Transmit_FS
                0x000000000800e5c4       0x4c ./USB_DEVICE/App/usbd_cdc_if.o
                0x000000000800e5c4                CDC_Transmit_FS
 .text.CDC_TransmitCplt_FS
                0x000000000800e610       0x22 ./USB_DEVICE/App/usbd_cdc_if.o
 *fill*         0x000000000800e632        0x2 
 .text.USBD_FS_DeviceDescriptor
                0x000000000800e634       0x24 ./USB_DEVICE/App/usbd_desc.o
                0x000000000800e634                USBD_FS_DeviceDescriptor
 .text.USBD_FS_LangIDStrDescriptor
                0x000000000800e658       0x24 ./USB_DEVICE/App/usbd_desc.o
                0x000000000800e658                USBD_FS_LangIDStrDescriptor
 .text.USBD_FS_ProductStrDescriptor
                0x000000000800e67c       0x3c ./USB_DEVICE/App/usbd_desc.o
                0x000000000800e67c                USBD_FS_ProductStrDescriptor
 .text.USBD_FS_ManufacturerStrDescriptor
                0x000000000800e6b8       0x28 ./USB_DEVICE/App/usbd_desc.o
                0x000000000800e6b8                USBD_FS_ManufacturerStrDescriptor
 .text.USBD_FS_SerialStrDescriptor
                0x000000000800e6e0       0x24 ./USB_DEVICE/App/usbd_desc.o
                0x000000000800e6e0                USBD_FS_SerialStrDescriptor
 .text.USBD_FS_ConfigStrDescriptor
                0x000000000800e704       0x3c ./USB_DEVICE/App/usbd_desc.o
                0x000000000800e704                USBD_FS_ConfigStrDescriptor
 .text.USBD_FS_InterfaceStrDescriptor
                0x000000000800e740       0x3c ./USB_DEVICE/App/usbd_desc.o
                0x000000000800e740                USBD_FS_InterfaceStrDescriptor
 .text.Get_SerialNum
                0x000000000800e77c       0x58 ./USB_DEVICE/App/usbd_desc.o
 .text.IntToUnicode
                0x000000000800e7d4       0x7e ./USB_DEVICE/App/usbd_desc.o
 *fill*         0x000000000800e852        0x2 
 .text.HAL_PCD_MspInit
                0x000000000800e854       0xa8 ./USB_DEVICE/Target/usbd_conf.o
                0x000000000800e854                HAL_PCD_MspInit
 .text.HAL_PCD_SetupStageCallback
                0x000000000800e8fc       0x24 ./USB_DEVICE/Target/usbd_conf.o
                0x000000000800e8fc                HAL_PCD_SetupStageCallback
 .text.HAL_PCD_DataOutStageCallback
                0x000000000800e920       0x36 ./USB_DEVICE/Target/usbd_conf.o
                0x000000000800e920                HAL_PCD_DataOutStageCallback
 .text.HAL_PCD_DataInStageCallback
                0x000000000800e956       0x34 ./USB_DEVICE/Target/usbd_conf.o
                0x000000000800e956                HAL_PCD_DataInStageCallback
 .text.HAL_PCD_SOFCallback
                0x000000000800e98a       0x1c ./USB_DEVICE/Target/usbd_conf.o
                0x000000000800e98a                HAL_PCD_SOFCallback
 .text.HAL_PCD_ResetCallback
                0x000000000800e9a6       0x50 ./USB_DEVICE/Target/usbd_conf.o
                0x000000000800e9a6                HAL_PCD_ResetCallback
 *fill*         0x000000000800e9f6        0x2 
 .text.HAL_PCD_SuspendCallback
                0x000000000800e9f8       0x4c ./USB_DEVICE/Target/usbd_conf.o
                0x000000000800e9f8                HAL_PCD_SuspendCallback
 .text.HAL_PCD_ResumeCallback
                0x000000000800ea44       0x1c ./USB_DEVICE/Target/usbd_conf.o
                0x000000000800ea44                HAL_PCD_ResumeCallback
 .text.HAL_PCD_ISOOUTIncompleteCallback
                0x000000000800ea60       0x24 ./USB_DEVICE/Target/usbd_conf.o
                0x000000000800ea60                HAL_PCD_ISOOUTIncompleteCallback
 .text.HAL_PCD_ISOINIncompleteCallback
                0x000000000800ea84       0x24 ./USB_DEVICE/Target/usbd_conf.o
                0x000000000800ea84                HAL_PCD_ISOINIncompleteCallback
 .text.HAL_PCD_ConnectCallback
                0x000000000800eaa8       0x1c ./USB_DEVICE/Target/usbd_conf.o
                0x000000000800eaa8                HAL_PCD_ConnectCallback
 .text.HAL_PCD_DisconnectCallback
                0x000000000800eac4       0x1c ./USB_DEVICE/Target/usbd_conf.o
                0x000000000800eac4                HAL_PCD_DisconnectCallback
 .text.USBD_LL_Init
                0x000000000800eae0       0x98 ./USB_DEVICE/Target/usbd_conf.o
                0x000000000800eae0                USBD_LL_Init
 .text.USBD_LL_Start
                0x000000000800eb78       0x36 ./USB_DEVICE/Target/usbd_conf.o
                0x000000000800eb78                USBD_LL_Start
 .text.USBD_LL_OpenEP
                0x000000000800ebae       0x4c ./USB_DEVICE/Target/usbd_conf.o
                0x000000000800ebae                USBD_LL_OpenEP
 .text.USBD_LL_CloseEP
                0x000000000800ebfa       0x3e ./USB_DEVICE/Target/usbd_conf.o
                0x000000000800ebfa                USBD_LL_CloseEP
 .text.USBD_LL_StallEP
                0x000000000800ec38       0x3e ./USB_DEVICE/Target/usbd_conf.o
                0x000000000800ec38                USBD_LL_StallEP
 .text.USBD_LL_ClearStallEP
                0x000000000800ec76       0x3e ./USB_DEVICE/Target/usbd_conf.o
                0x000000000800ec76                USBD_LL_ClearStallEP
 .text.USBD_LL_IsStallEP
                0x000000000800ecb4       0x58 ./USB_DEVICE/Target/usbd_conf.o
                0x000000000800ecb4                USBD_LL_IsStallEP
 .text.USBD_LL_SetUSBAddress
                0x000000000800ed0c       0x3e ./USB_DEVICE/Target/usbd_conf.o
                0x000000000800ed0c                USBD_LL_SetUSBAddress
 .text.USBD_LL_Transmit
                0x000000000800ed4a       0x42 ./USB_DEVICE/Target/usbd_conf.o
                0x000000000800ed4a                USBD_LL_Transmit
 .text.USBD_LL_PrepareReceive
                0x000000000800ed8c       0x42 ./USB_DEVICE/Target/usbd_conf.o
                0x000000000800ed8c                USBD_LL_PrepareReceive
 .text.USBD_LL_GetRxDataSize
                0x000000000800edce       0x26 ./USB_DEVICE/Target/usbd_conf.o
                0x000000000800edce                USBD_LL_GetRxDataSize
 .text.USBD_static_malloc
                0x000000000800edf4       0x1c ./USB_DEVICE/Target/usbd_conf.o
                0x000000000800edf4                USBD_static_malloc
 .text.USBD_static_free
                0x000000000800ee10       0x14 ./USB_DEVICE/Target/usbd_conf.o
                0x000000000800ee10                USBD_static_free
 .text.USBD_Get_USB_Status
                0x000000000800ee24       0x58 ./USB_DEVICE/Target/usbd_conf.o
                0x000000000800ee24                USBD_Get_USB_Status
 .text.__libc_init_array
                0x000000000800ee7c       0x48 c:/st/stm32cubeide_1.10.1/stm32cubeide/plugins/com.st.stm32cube.ide.mcu.externaltools.gnu-tools-for-stm32.10.3-2021.10.win32_1.0.200.202301161003/tools/bin/../lib/gcc/arm-none-eabi/10.3.1/../../../../arm-none-eabi/lib/thumb/v7e-m+fp/hard\libc_nano.a(lib_a-init.o)
                0x000000000800ee7c                __libc_init_array
 .text.memset   0x000000000800eec4       0x10 c:/st/stm32cubeide_1.10.1/stm32cubeide/plugins/com.st.stm32cube.ide.mcu.externaltools.gnu-tools-for-stm32.10.3-2021.10.win32_1.0.200.202301161003/tools/bin/../lib/gcc/arm-none-eabi/10.3.1/../../../../arm-none-eabi/lib/thumb/v7e-m+fp/hard\libc_nano.a(lib_a-memset.o)
                0x000000000800eec4                memset
 *(.glue_7)
 .glue_7        0x000000000800eed4        0x0 linker stubs
 *(.glue_7t)
 .glue_7t       0x000000000800eed4        0x0 linker stubs
 *(.eh_frame)
 .eh_frame      0x000000000800eed4        0x0 c:/st/stm32cubeide_1.10.1/stm32cubeide/plugins/com.st.stm32cube.ide.mcu.externaltools.gnu-tools-for-stm32.10.3-2021.10.win32_1.0.200.202301161003/tools/bin/../lib/gcc/arm-none-eabi/10.3.1/thumb/v7e-m+fp/hard/crtbegin.o
 *(.init)
 .init          0x000000000800eed4        0x4 c:/st/stm32cubeide_1.10.1/stm32cubeide/plugins/com.st.stm32cube.ide.mcu.externaltools.gnu-tools-for-stm32.10.3-2021.10.win32_1.0.200.202301161003/tools/bin/../lib/gcc/arm-none-eabi/10.3.1/thumb/v7e-m+fp/hard/crti.o
                0x000000000800eed4                _init
 .init          0x000000000800eed8        0x8 c:/st/stm32cubeide_1.10.1/stm32cubeide/plugins/com.st.stm32cube.ide.mcu.externaltools.gnu-tools-for-stm32.10.3-2021.10.win32_1.0.200.202301161003/tools/bin/../lib/gcc/arm-none-eabi/10.3.1/thumb/v7e-m+fp/hard/crtn.o
 *(.fini)
 .fini          0x000000000800eee0        0x4 c:/st/stm32cubeide_1.10.1/stm32cubeide/plugins/com.st.stm32cube.ide.mcu.externaltools.gnu-tools-for-stm32.10.3-2021.10.win32_1.0.200.202301161003/tools/bin/../lib/gcc/arm-none-eabi/10.3.1/thumb/v7e-m+fp/hard/crti.o
                0x000000000800eee0                _fini
 .fini          0x000000000800eee4        0x8 c:/st/stm32cubeide_1.10.1/stm32cubeide/plugins/com.st.stm32cube.ide.mcu.externaltools.gnu-tools-for-stm32.10.3-2021.10.win32_1.0.200.202301161003/tools/bin/../lib/gcc/arm-none-eabi/10.3.1/thumb/v7e-m+fp/hard/crtn.o
                0x000000000800eeec                . = ALIGN (0x4)
                0x000000000800eeec                _etext = .

.vfp11_veneer   0x000000000800eeec        0x0
 .vfp11_veneer  0x000000000800eeec        0x0 linker stubs

.v4_bx          0x000000000800eeec        0x0
 .v4_bx         0x000000000800eeec        0x0 linker stubs

.iplt           0x000000000800eeec        0x0
 .iplt          0x000000000800eeec        0x0 c:/st/stm32cubeide_1.10.1/stm32cubeide/plugins/com.st.stm32cube.ide.mcu.externaltools.gnu-tools-for-stm32.10.3-2021.10.win32_1.0.200.202301161003/tools/bin/../lib/gcc/arm-none-eabi/10.3.1/thumb/v7e-m+fp/hard/crtbegin.o

.rodata         0x000000000800eeec      0x1f0
                0x000000000800eeec                . = ALIGN (0x4)
 *(.rodata)
 .rodata        0x000000000800eeec        0x3 ./Core/Src/BMP180.o
 *fill*         0x000000000800eeef        0x1 
 .rodata        0x000000000800eef0       0xac ./Core/Src/main.o
 .rodata        0x000000000800ef9c       0x44 ./Middlewares/Third_Party/FatFs/src/ff.o
 .rodata        0x000000000800efe0       0x46 ./USB_DEVICE/App/usbd_desc.o
 *(.rodata*)
 *fill*         0x000000000800f026        0x2 
 .rodata.AHBPrescTable
                0x000000000800f028       0x10 ./Core/Src/system_stm32f4xx.o
                0x000000000800f028                AHBPrescTable
 .rodata.APBPrescTable
                0x000000000800f038        0x8 ./Core/Src/system_stm32f4xx.o
                0x000000000800f038                APBPrescTable
 .rodata.flagBitshiftOffset.0
                0x000000000800f040        0x8 ./Drivers/STM32F4xx_HAL_Driver/Src/stm32f4xx_hal_dma.o
 .rodata.SD_Driver
                0x000000000800f048       0x14 ./FATFS/Target/sd_diskio.o
                0x000000000800f048                SD_Driver
 .rodata.ExCvt  0x000000000800f05c       0x80 ./Middlewares/Third_Party/FatFs/src/ff.o
                0x000000000800f0dc                . = ALIGN (0x4)

.ARM.extab      0x000000000800f0dc        0x0
                0x000000000800f0dc                . = ALIGN (0x4)
 *(.ARM.extab* .gnu.linkonce.armextab.*)
                0x000000000800f0dc                . = ALIGN (0x4)

.ARM            0x000000000800f0dc        0x8
                0x000000000800f0dc                . = ALIGN (0x4)
                0x000000000800f0dc                __exidx_start = .
 *(.ARM.exidx*)
 .ARM.exidx     0x000000000800f0dc        0x8 c:/st/stm32cubeide_1.10.1/stm32cubeide/plugins/com.st.stm32cube.ide.mcu.externaltools.gnu-tools-for-stm32.10.3-2021.10.win32_1.0.200.202301161003/tools/bin/../lib/gcc/arm-none-eabi/10.3.1/thumb/v7e-m+fp/hard\libgcc.a(_udivmoddi4.o)
                0x000000000800f0e4                __exidx_end = .
                0x000000000800f0e4                . = ALIGN (0x4)

.rel.dyn        0x000000000800f0e4        0x0
 .rel.iplt      0x000000000800f0e4        0x0 c:/st/stm32cubeide_1.10.1/stm32cubeide/plugins/com.st.stm32cube.ide.mcu.externaltools.gnu-tools-for-stm32.10.3-2021.10.win32_1.0.200.202301161003/tools/bin/../lib/gcc/arm-none-eabi/10.3.1/thumb/v7e-m+fp/hard/crtbegin.o

.preinit_array  0x000000000800f0e4        0x0
                0x000000000800f0e4                . = ALIGN (0x4)
                0x000000000800f0e4                PROVIDE (__preinit_array_start = .)
 *(.preinit_array*)
                0x000000000800f0e4                PROVIDE (__preinit_array_end = .)
                0x000000000800f0e4                . = ALIGN (0x4)

.init_array     0x000000000800f0e4        0x4
                0x000000000800f0e4                . = ALIGN (0x4)
                0x000000000800f0e4                PROVIDE (__init_array_start = .)
 *(SORT_BY_NAME(.init_array.*))
 *(.init_array*)
 .init_array    0x000000000800f0e4        0x4 c:/st/stm32cubeide_1.10.1/stm32cubeide/plugins/com.st.stm32cube.ide.mcu.externaltools.gnu-tools-for-stm32.10.3-2021.10.win32_1.0.200.202301161003/tools/bin/../lib/gcc/arm-none-eabi/10.3.1/thumb/v7e-m+fp/hard/crtbegin.o
                0x000000000800f0e8                PROVIDE (__init_array_end = .)
                0x000000000800f0e8                . = ALIGN (0x4)

.fini_array     0x000000000800f0e8        0x4
                0x000000000800f0e8                . = ALIGN (0x4)
                [!provide]                        PROVIDE (__fini_array_start = .)
 *(SORT_BY_NAME(.fini_array.*))
 *(.fini_array*)
 .fini_array    0x000000000800f0e8        0x4 c:/st/stm32cubeide_1.10.1/stm32cubeide/plugins/com.st.stm32cube.ide.mcu.externaltools.gnu-tools-for-stm32.10.3-2021.10.win32_1.0.200.202301161003/tools/bin/../lib/gcc/arm-none-eabi/10.3.1/thumb/v7e-m+fp/hard/crtbegin.o
                [!provide]                        PROVIDE (__fini_array_end = .)
                0x000000000800f0ec                . = ALIGN (0x4)
                0x000000000800f0ec                _sidata = LOADADDR (.data)

.data           0x0000000020000000      0x100 load address 0x000000000800f0ec
                0x0000000020000000                . = ALIGN (0x4)
                0x0000000020000000                _sdata = .
 *(.data)
 *(.data*)
 .data.am2320_address
                0x0000000020000000        0x1 ./Core/Src/main.o
                0x0000000020000000                am2320_address
 .data.am2320_read_address
                0x0000000020000001        0x1 ./Core/Src/main.o
                0x0000000020000001                am2320_read_address
 *fill*         0x0000000020000002        0x2 
 .data.SystemCoreClock
                0x0000000020000004        0x4 ./Core/Src/system_stm32f4xx.o
                0x0000000020000004                SystemCoreClock
 .data.uwTickPrio
                0x0000000020000008        0x4 ./Drivers/STM32F4xx_HAL_Driver/Src/stm32f4xx_hal.o
                0x0000000020000008                uwTickPrio
 .data.uwTickFreq
                0x000000002000000c        0x1 ./Drivers/STM32F4xx_HAL_Driver/Src/stm32f4xx_hal.o
                0x000000002000000c                uwTickFreq
 .data.Stat     0x000000002000000d        0x1 ./FATFS/Target/sd_diskio.o
 *fill*         0x000000002000000e        0x2 
 .data.USBD_CDC_DeviceQualifierDesc
                0x0000000020000010        0xa ./Middlewares/ST/STM32_USB_Device_Library/Class/CDC/Src/usbd_cdc.o
 *fill*         0x000000002000001a        0x2 
 .data.USBD_CDC
                0x000000002000001c       0x38 ./Middlewares/ST/STM32_USB_Device_Library/Class/CDC/Src/usbd_cdc.o
                0x000000002000001c                USBD_CDC
 .data.USBD_CDC_CfgDesc
                0x0000000020000054       0x43 ./Middlewares/ST/STM32_USB_Device_Library/Class/CDC/Src/usbd_cdc.o
 .data.CDCInEpAdd
                0x0000000020000097        0x1 ./Middlewares/ST/STM32_USB_Device_Library/Class/CDC/Src/usbd_cdc.o
 .data.CDCOutEpAdd
                0x0000000020000098        0x1 ./Middlewares/ST/STM32_USB_Device_Library/Class/CDC/Src/usbd_cdc.o
 .data.CDCCmdEpAdd
                0x0000000020000099        0x1 ./Middlewares/ST/STM32_USB_Device_Library/Class/CDC/Src/usbd_cdc.o
 *fill*         0x000000002000009a        0x2 
 .data.USBD_Interface_fops_FS
                0x000000002000009c       0x14 ./USB_DEVICE/App/usbd_cdc_if.o
                0x000000002000009c                USBD_Interface_fops_FS
 .data.FS_Desc  0x00000000200000b0       0x1c ./USB_DEVICE/App/usbd_desc.o
                0x00000000200000b0                FS_Desc
 .data.USBD_FS_DeviceDesc
                0x00000000200000cc       0x12 ./USB_DEVICE/App/usbd_desc.o
                0x00000000200000cc                USBD_FS_DeviceDesc
 *fill*         0x00000000200000de        0x2 
 .data.USBD_LangIDDesc
                0x00000000200000e0        0x4 ./USB_DEVICE/App/usbd_desc.o
                0x00000000200000e0                USBD_LangIDDesc
 .data.USBD_StringSerial
                0x00000000200000e4       0x1a ./USB_DEVICE/App/usbd_desc.o
                0x00000000200000e4                USBD_StringSerial
 *(.RamFunc)
 *(.RamFunc*)
                0x0000000020000100                . = ALIGN (0x4)
 *fill*         0x00000000200000fe        0x2 
                0x0000000020000100                _edata = .
                0x000000000800f1ec                _siccmram = LOADADDR (.ccmram)

.igot.plt       0x0000000020000100        0x0 load address 0x000000000800f1ec
 .igot.plt      0x0000000020000100        0x0 c:/st/stm32cubeide_1.10.1/stm32cubeide/plugins/com.st.stm32cube.ide.mcu.externaltools.gnu-tools-for-stm32.10.3-2021.10.win32_1.0.200.202301161003/tools/bin/../lib/gcc/arm-none-eabi/10.3.1/thumb/v7e-m+fp/hard/crtbegin.o

.ccmram         0x0000000010000000        0x0 load address 0x000000000800f1ec
                0x0000000010000000                . = ALIGN (0x4)
                0x0000000010000000                _sccmram = .
 *(.ccmram)
 *(.ccmram*)
                0x0000000010000000                . = ALIGN (0x4)
                0x0000000010000000                _eccmram = .
                0x0000000010000000                . = ALIGN (0x4)

.bss            0x0000000020000100     0x3f40
                0x0000000020000100                _sbss = .
                0x0000000020000100                __bss_start__ = _sbss
 *(.bss)
 .bss           0x0000000020000100       0x1c c:/st/stm32cubeide_1.10.1/stm32cubeide/plugins/com.st.stm32cube.ide.mcu.externaltools.gnu-tools-for-stm32.10.3-2021.10.win32_1.0.200.202301161003/tools/bin/../lib/gcc/arm-none-eabi/10.3.1/thumb/v7e-m+fp/hard/crtbegin.o
 *(.bss*)
 .bss.AC1       0x000000002000011c        0x2 ./Core/Src/BMP180.o
                0x000000002000011c                AC1
 .bss.AC2       0x000000002000011e        0x2 ./Core/Src/BMP180.o
                0x000000002000011e                AC2
 .bss.AC3       0x0000000020000120        0x2 ./Core/Src/BMP180.o
                0x0000000020000120                AC3
 .bss.AC4       0x0000000020000122        0x2 ./Core/Src/BMP180.o
                0x0000000020000122                AC4
 .bss.AC5       0x0000000020000124        0x2 ./Core/Src/BMP180.o
                0x0000000020000124                AC5
 .bss.AC6       0x0000000020000126        0x2 ./Core/Src/BMP180.o
                0x0000000020000126                AC6
 .bss.B1        0x0000000020000128        0x2 ./Core/Src/BMP180.o
                0x0000000020000128                B1
 .bss.B2        0x000000002000012a        0x2 ./Core/Src/BMP180.o
                0x000000002000012a                B2
 .bss.MB        0x000000002000012c        0x2 ./Core/Src/BMP180.o
                0x000000002000012c                MB
 .bss.MC        0x000000002000012e        0x2 ./Core/Src/BMP180.o
                0x000000002000012e                MC
 .bss.MD        0x0000000020000130        0x2 ./Core/Src/BMP180.o
                0x0000000020000130                MD
 .bss.unCompensatedTemperature
                0x0000000020000132        0x2 ./Core/Src/BMP180.o
                0x0000000020000132                unCompensatedTemperature
 .bss.temperature
                0x0000000020000134        0x4 ./Core/Src/BMP180.o
                0x0000000020000134                temperature
 .bss.tX1       0x0000000020000138        0x4 ./Core/Src/BMP180.o
                0x0000000020000138                tX1
 .bss.tX2       0x000000002000013c        0x4 ./Core/Src/BMP180.o
                0x000000002000013c                tX2
 .bss.tB5       0x0000000020000140        0x4 ./Core/Src/BMP180.o
                0x0000000020000140                tB5
 .bss.unCompensatedPressure
                0x0000000020000144        0x4 ./Core/Src/BMP180.o
                0x0000000020000144                unCompensatedPressure
 .bss.presure   0x0000000020000148        0x4 ./Core/Src/BMP180.o
                0x0000000020000148                presure
 .bss.presureATM
                0x000000002000014c        0x4 ./Core/Src/BMP180.o
                0x000000002000014c                presureATM
 .bss.pX1       0x0000000020000150        0x4 ./Core/Src/BMP180.o
                0x0000000020000150                pX1
 .bss.pX2       0x0000000020000154        0x4 ./Core/Src/BMP180.o
                0x0000000020000154                pX2
 .bss.pX3       0x0000000020000158        0x4 ./Core/Src/BMP180.o
                0x0000000020000158                pX3
 .bss.pB3       0x000000002000015c        0x4 ./Core/Src/BMP180.o
                0x000000002000015c                pB3
 .bss.pB4       0x0000000020000160        0x4 ./Core/Src/BMP180.o
                0x0000000020000160                pB4
 .bss.pB6       0x0000000020000164        0x4 ./Core/Src/BMP180.o
                0x0000000020000164                pB6
 .bss.pB7       0x0000000020000168        0x4 ./Core/Src/BMP180.o
                0x0000000020000168                pB7
 .bss.hi2c1     0x000000002000016c       0x54 ./Core/Src/main.o
                0x000000002000016c                hi2c1
 .bss.hsd       0x00000000200001c0       0x84 ./Core/Src/main.o
                0x00000000200001c0                hsd
 .bss.hdma_sdio_rx
                0x0000000020000244       0x60 ./Core/Src/main.o
                0x0000000020000244                hdma_sdio_rx
 .bss.hdma_sdio_tx
                0x00000000200002a4       0x60 ./Core/Src/main.o
                0x00000000200002a4                hdma_sdio_tx
 .bss.htim2     0x0000000020000304       0x48 ./Core/Src/main.o
                0x0000000020000304                htim2
 .bss.cdc       0x000000002000034c        0x4 ./Core/Src/main.o
                0x000000002000034c                cdc
 .bss.Fatfs     0x0000000020000350     0x1034 ./Core/Src/main.o
                0x0000000020000350                Fatfs
 .bss.fil       0x0000000020001384     0x1030 ./Core/Src/main.o
                0x0000000020001384                fil
 .bss.fr        0x00000000200023b4        0x1 ./Core/Src/main.o
                0x00000000200023b4                fr
 *fill*         0x00000000200023b5        0x3 
 .bss.fno       0x00000000200023b8       0x18 ./Core/Src/main.o
                0x00000000200023b8                fno
 .bss.data_humidity
                0x00000000200023d0        0x2 ./Core/Src/main.o
                0x00000000200023d0                data_humidity
 *fill*         0x00000000200023d2        0x2 
 .bss.myDatas   0x00000000200023d4        0x6 ./Core/Src/main.o
                0x00000000200023d4                myDatas
 .bss.x         0x00000000200023da        0x2 ./Core/Src/main.o
                0x00000000200023da                x
 .bss.y         0x00000000200023dc        0x2 ./Core/Src/main.o
                0x00000000200023dc                y
 .bss.z         0x00000000200023de        0x2 ./Core/Src/main.o
                0x00000000200023de                z
 .bss.xG        0x00000000200023e0        0x4 ./Core/Src/main.o
                0x00000000200023e0                xG
 .bss.yG        0x00000000200023e4        0x4 ./Core/Src/main.o
                0x00000000200023e4                yG
 .bss.zG        0x00000000200023e8        0x4 ./Core/Src/main.o
                0x00000000200023e8                zG