../Core/Src/main.c:86:6:send_deftask	48	static
../Core/Src/main.c:91:6:send_task2	40	static
../Core/Src/main.c:96:6:send_task3	40	static
../Core/Src/main.c:109:5:main	104	static
../Core/Src/main.c:199:6:SystemClock_Config	88	static
../Core/Src/main.c:245:13:MX_USART2_UART_Init	8	static
../Core/Src/main.c:278:13:MX_GPIO_Init	16	static
../Core/Src/main.c:302:6:StartDefaultTask	16	static
../Core/Src/main.c:321:6:StartTask02	16	static
../Core/Src/main.c:336:6:Task3_init	16	static
../Core/Src/main.c:356:6:HAL_TIM_PeriodElapsedCallback	16	static
../Core/Src/main.c:373:6:Error_Handler	4	static,ignoring_inline_asm
