<html>
<body>
<pre>
<h1>µVision Build Log</h1>
<h2>Tool Versions:</h2>
IDE-Version: µVision V5.37.0.0
Copyright (C) 2022 ARM Ltd and ARM Germany GmbH. All rights reserved.
License Information: sd ilkay, as, LIC=----
 
Tool Versions:
Toolchain:       MDK-Lite  Version: 5.37.0.0
Toolchain Path:  C:\Keil_v5\ARM\ARMCLANG\Bin
C Compiler:      ArmClang.exe V6.18
Assembler:       Armasm.exe V6.18
Linker/Locator:  ArmLink.exe V6.18
Library Manager: ArmAr.exe V6.18
Hex Converter:   FromElf.exe V6.18
CPU DLL:         SARMCM3.DLL V5.37.0.0
Dialog DLL:      DCM.DLL V1.17.5.0
Target DLL:      UL2CM3.DLL V1.164.7.0
Dialog DLL:      TCM.DLL V1.56.1.0
 
<h2>Project:</h2>
C:\Users\ilkay\Desktop\embed\026_odev_timer_adc_potansiyometre_led_parlaklik\odev.uvprojx
Project File Date:  07/23/2022

<h2>Output:</h2>
*** Using Compiler 'V6.18', folder: 'C:\Keil_v5\ARM\ARMCLANG\Bin'
Build target 'Target 1'
main.c(4): warning: no previous extern declaration for non-static variable 'adcvalue' [-Wmissing-variable-declarations]
uint16_t adcvalue=0,mapvalue=0;
         ^
main.c(4): note: declare 'static' if the variable is not intended to be used outside of this translation unit
uint16_t adcvalue=0,mapvalue=0;
^
main.c(4): warning: no previous extern declaration for non-static variable 'mapvalue' [-Wmissing-variable-declarations]
uint16_t adcvalue=0,mapvalue=0;
                    ^
main.c(4): note: declare 'static' if the variable is not intended to be used outside of this translation unit
uint16_t adcvalue=0,mapvalue=0;
^
main.c(6): warning: no previous prototype for function 'gpio_config' [-Wmissing-prototypes]
void gpio_config(){
     ^
main.c(6): note: declare 'static' if the function is not intended to be used outside of this translation unit
void gpio_config(){
^
static 
main.c(6): warning: this old-style function definition is not preceded by a prototype [-Wstrict-prototypes]
void gpio_config(){
                ^
main.c(1): warning: In file included from...
C:/Users/ilkay/AppData/Local/Arm/Packs/Keil/STM32F1xx_DFP/2.4.0/Device/Include\stm32f10x.h(8347): warning: In file included from...
./RTE/Device/STM32F100RB\stm32f10x_conf.h(30): warning: In file included from...
C:/Users/ilkay/AppData/Local/Arm/Packs/Keil/STM32F1xx_DFP/2.4.0/Device/StdPeriph_Driver/inc\stm32f10x_adc.h(63): warning: padding struct 'ADC_InitTypeDef' with 2 bytes to align 'ADC_ExternalTrigConv' [-Wpadded]
  uint32_t ADC_ExternalTrigConv;          /*!< Defines the external trigger used to start the analog
           ^
C:/Users/ilkay/AppData/Local/Arm/Packs/Keil/STM32F1xx_DFP/2.4.0/Device/StdPeriph_Driver/inc\stm32f10x_adc.h(49): warning: padding size of 'ADC_InitTypeDef' with 3 bytes to alignment boundary [-Wpadded]
typedef struct
        ^
main.c(28): warning: no previous prototype for function 'adc_config' [-Wmissing-prototypes]
void adc_config(){
     ^
main.c(28): note: declare 'static' if the function is not intended to be used outside of this translation unit
void adc_config(){
^
static 
main.c(28): warning: this old-style function definition is not preceded by a prototype [-Wstrict-prototypes]
void adc_config(){
               ^
main.c(1): warning: In file included from...
C:/Users/ilkay/AppData/Local/Arm/Packs/Keil/STM32F1xx_DFP/2.4.0/Device/Include\stm32f10x.h(8347): warning: In file included from...
./RTE/Device/STM32F100RB\stm32f10x_conf.h(87): warning: In file included from...
C:/Users/ilkay/AppData/Local/Arm/Packs/Keil/STM32F1xx_DFP/2.4.0/Device/StdPeriph_Driver/inc\stm32f10x_tim.h(50): warning: padding size of 'TIM_TimeBaseInitTypeDef' with 1 byte to alignment boundary [-Wpadded]
typedef struct
        ^
main.c(45): warning: no previous prototype for function 'timer_config' [-Wmissing-prototypes]
void timer_config(){
     ^
main.c(45): note: declare 'static' if the function is not intended to be used outside of this translation unit
void timer_config(){
^
static 
main.c(45): warning: this old-style function definition is not preceded by a prototype [-Wstrict-prototypes]
void timer_config(){
                 ^
main.c(61): warning: no previous prototype for function 'adcfunction' [-Wmissing-prototypes]
uint16_t adcfunction(){
         ^
main.c(61): note: declare 'static' if the function is not intended to be used outside of this translation unit
uint16_t adcfunction(){
^
static 
main.c(61): warning: this old-style function definition is not preceded by a prototype [-Wstrict-prototypes]
uint16_t adcfunction(){
                    ^
main.c(77): warning: no previous prototype for function 'pwm_function' [-Wmissing-prototypes]
void pwm_function(uint16_t value){
     ^
main.c(77): note: declare 'static' if the function is not intended to be used outside of this translation unit
void pwm_function(uint16_t value){
^
static 
main.c(91): warning: no previous prototype for function 'map' [-Wmissing-prototypes]
float map(float adc,float max,float min,float conmax,float conmin){
      ^
main.c(91): note: declare 'static' if the function is not intended to be used outside of this translation unit
float map(float adc,float max,float min,float conmax,float conmin){
^
static 
main.c(103): warning: implicit conversion turns floating-point number into integer: 'float' to 'uint16_t' (aka 'unsigned short') [-Wfloat-conversion]
                mapvalue=map(adcvalue,2399,0,180,0); // burda ben bir angle istemiyorum,ben 0 ile 2399 arasinda bir sayi istiyorum potansiyometrenin 180 acisina bagli olarak
                        ~^~~~~~~~~~~~~~~~~~~~~~~~~~
16 warnings generated.
compiling main.c...
linking...
Program Size: Code=4536 RO-data=304 RW-data=0 ZI-data=1640  
".\Objects\odev.axf" - 0 Error(s), 16 Warning(s).

<h2>Software Packages used:</h2>

Package Vendor: ARM
                http://www.keil.com/pack/ARM.CMSIS.5.9.0.pack
                ARM.CMSIS.5.9.0
                CMSIS (Common Microcontroller Software Interface Standard)
   * Component: CORE Version: 5.6.0

Package Vendor: Keil
                http://www.keil.com/pack/Keil.STM32F1xx_DFP.2.4.0.pack
                Keil.STM32F1xx_DFP.2.4.0
                STMicroelectronics STM32F1 Series Device Support, Drivers and Examples
   * Component: GPIO Version: 1.3
   * Component: Startup Version: 1.0.0
   * Component: ADC Version: 3.6.0
   * Component: Framework Version: 3.6.0
   * Component: GPIO Version: 3.6.0
   * Component: RCC Version: 3.6.0
   * Component: TIM Version: 3.6.0

<h2>Collection of Component include folders:</h2>
  ./RTE/Device/STM32F100RB
  ./RTE/_Target_1
  C:/Users/ilkay/AppData/Local/Arm/Packs/ARM/CMSIS/5.9.0/CMSIS/Core/Include
  C:/Users/ilkay/AppData/Local/Arm/Packs/Keil/STM32F1xx_DFP/2.4.0/Device/Include
  C:/Users/ilkay/AppData/Local/Arm/Packs/Keil/STM32F1xx_DFP/2.4.0/Device/StdPeriph_Driver/inc
  C:/Users/ilkay/AppData/Local/Arm/Packs/Keil/STM32F1xx_DFP/2.4.0/RTE_Driver

<h2>Collection of Component Files used:</h2>

   * Component: ARM::CMSIS:CORE:5.6.0

   * Component: Keil::Device:GPIO:1.3
      Source file:   RTE_Driver/GPIO_STM32F10x.c
      Include file:  RTE_Driver/GPIO_STM32F10x.h

   * Component: Keil::Device:Startup:1.0.0
      Source file:   Device/Source/ARM/STM32F1xx_OPT.s
      Source file:   Device/Source/system_stm32f10x.c
      Include file:  RTE_Driver/Config/RTE_Device.h
      Source file:   Device/Source/ARM/startup_stm32f10x_md_vl.s

   * Component: Keil::Device:StdPeriph Drivers:ADC:3.6.0
      Source file:   Device/StdPeriph_Driver/src/stm32f10x_adc.c
      Include file:  Device/StdPeriph_Driver/inc/stm32f10x_adc.h

   * Component: Keil::Device:StdPeriph Drivers:Framework:3.6.0
      Include file:  Device/StdPeriph_Driver/templates/stm32f10x_it.h
      Include file:  Device/StdPeriph_Driver/inc/misc.h
      Source file:   Device/StdPeriph_Driver/src/misc.c
      Source file:   Device/StdPeriph_Driver/templates/stm32f10x_conf.h
      Source file:   Device/StdPeriph_Driver/templates/stm32f10x_it.c

   * Component: Keil::Device:StdPeriph Drivers:GPIO:3.6.0
      Source file:   Device/StdPeriph_Driver/src/stm32f10x_gpio.c
      Include file:  Device/StdPeriph_Driver/inc/stm32f10x_gpio.h

   * Component: Keil::Device:StdPeriph Drivers:RCC:3.6.0
      Include file:  Device/StdPeriph_Driver/inc/stm32f10x_rcc.h
      Source file:   Device/StdPeriph_Driver/src/stm32f10x_rcc.c

   * Component: Keil::Device:StdPeriph Drivers:TIM:3.6.0
      Source file:   Device/StdPeriph_Driver/src/stm32f10x_tim.c
      Include file:  Device/StdPeriph_Driver/inc/stm32f10x_tim.h
Build Time Elapsed:  00:00:01
</pre>
</body>
</html>
