14:49:00 **** Incremental Build of configuration Debug for project 000_deneme ****
make -j4 all 
arm-none-eabi-gcc "../Core/Src/main.c" -mcpu=cortex-m4 -std=gnu11 -g3 -DDEBUG -DUSE_HAL_DRIVER -DSTM32F407xx -c -I../Core/Inc -I../Drivers/STM32F4xx_HAL_Driver/Inc -I../Drivers/STM32F4xx_HAL_Driver/Inc/Legacy -I../Drivers/CMSIS/Device/ST/STM32F4xx/Include -I../Drivers/CMSIS/Include -O0 -ffunction-sections -fdata-sections -Wall -fstack-usage -MMD -MP -MF"Core/Src/main.d" -MT"Core/Src/main.o" --specs=nano.specs -mfpu=fpv4-sp-d16 -mfloat-abi=hard -mthumb -o "Core/Src/main.o"
arm-none-eabi-gcc -o "000_deneme.elf" @"objects.list"   -mcpu=cortex-m4 -T"C:\Users\ilkay\STM32CubeIDE\muho_kose\000_deneme\STM32F407VGTX_FLASH.ld" --specs=nosys.specs -Wl,-Map="000_deneme.map" -Wl,--gc-sections -static --specs=nano.specs -mfpu=fpv4-sp-d16 -mfloat-abi=hard -mthumb -Wl,--start-group -lc -lm -Wl,--end-group
Finished building target: 000_deneme.elf
 
arm-none-eabi-size   000_deneme.elf 
arm-none-eabi-objdump -h -S  000_deneme.elf  > "000_deneme.list"
   text	   data	    bss	    dec	    hex	filename
  11300	     20	   1740	  13060	   3304	000_deneme.elf
Finished building: default.size.stdout
 
Finished building: 000_deneme.list
 

14:49:02 Build Finished. 0 errors, 0 warnings. (took 1s.999ms)

