16:53:49 **** Incremental Build of configuration Debug for project 004_hal_buton_led ****
make -j4 all 
arm-none-eabi-gcc "../Core/Src/main.c" -mcpu=cortex-m4 -std=gnu11 -g3 -DDEBUG -DUSE_HAL_DRIVER -DSTM32F407xx -c -I../Core/Inc -I../Drivers/STM32F4xx_HAL_Driver/Inc -I../Drivers/STM32F4xx_HAL_Driver/Inc/Legacy -I../Drivers/CMSIS/Device/ST/STM32F4xx/Include -I../Drivers/CMSIS/Include -O0 -ffunction-sections -fdata-sections -Wall -fstack-usage -MMD -MP -MF"Core/Src/main.d" -MT"Core/Src/main.o" --specs=nano.specs -mfpu=fpv4-sp-d16 -mfloat-abi=hard -mthumb -o "Core/Src/main.o"
arm-none-eabi-gcc -o "004_hal_buton_led.elf" @"objects.list"   -mcpu=cortex-m4 -T"C:\Users\ilkay\STM32CubeIDE\muho_kose\004_hal_buton_led\STM32F407VGTX_FLASH.ld" --specs=nosys.specs -Wl,-Map="004_hal_buton_led.map" -Wl,--gc-sections -static --specs=nano.specs -mfpu=fpv4-sp-d16 -mfloat-abi=hard -mthumb -Wl,--start-group -lc -lm -Wl,--end-group
Finished building target: 004_hal_buton_led.elf
 
arm-none-eabi-size   004_hal_buton_led.elf 
arm-none-eabi-objdump -h -S  004_hal_buton_led.elf  > "004_hal_buton_led.list"
   text	   data	    bss	    dec	    hex	filename
   6084	     20	   1572	   7676	   1dfc	004_hal_buton_led.elf
Finished building: default.size.stdout
 
Finished building: 004_hal_buton_led.list
 

16:53:51 Build Finished. 0 errors, 0 warnings. (took 2s.35ms)

