21:55:47 **** Incremental Build of configuration Debug for project 005_hal_interrupt_single_and_multi ****
make -j4 all 
arm-none-eabi-gcc "../Core/Src/main.c" -mcpu=cortex-m4 -std=gnu11 -g3 -DDEBUG -DUSE_HAL_DRIVER -DSTM32F407xx -c -I../Core/Inc -I../Drivers/STM32F4xx_HAL_Driver/Inc -I../Drivers/STM32F4xx_HAL_Driver/Inc/Legacy -I../Drivers/CMSIS/Device/ST/STM32F4xx/Include -I../Drivers/CMSIS/Include -O0 -ffunction-sections -fdata-sections -Wall -fstack-usage -MMD -MP -MF"Core/Src/main.d" -MT"Core/Src/main.o" --specs=nano.specs -mfpu=fpv4-sp-d16 -mfloat-abi=hard -mthumb -o "Core/Src/main.o"
arm-none-eabi-gcc -o "005_hal_interrupt_single_and_multi.elf" @"objects.list"   -mcpu=cortex-m4 -T"C:\Users\ilkay\STM32CubeIDE\muho_kose\005_hal_interrupt_single_and_multi\STM32F407VGTX_FLASH.ld" --specs=nosys.specs -Wl,-Map="005_hal_interrupt_single_and_multi.map" -Wl,--gc-sections -static --specs=nano.specs -mfpu=fpv4-sp-d16 -mfloat-abi=hard -mthumb -Wl,--start-group -lc -lm -Wl,--end-group
Finished building target: 005_hal_interrupt_single_and_multi.elf
 
arm-none-eabi-size   005_hal_interrupt_single_and_multi.elf 
arm-none-eabi-objdump -h -S  005_hal_interrupt_single_and_multi.elf  > "005_hal_interrupt_single_and_multi.list"
   text	   data	    bss	    dec	    hex	filename
   6684	     20	   1580	   8284	   205c	005_hal_interrupt_single_and_multi.elf
Finished building: default.size.stdout
 
Finished building: 005_hal_interrupt_single_and_multi.list
 

21:55:50 Build Finished. 0 errors, 0 warnings. (took 2s.905ms)

