14:20:05 **** Build of configuration Debug for project 006_hal_adc_multi_with_interrupt ****
make -j4 all 
arm-none-eabi-gcc "../Core/Src/main.c" -mcpu=cortex-m4 -std=gnu11 -g3 -DDEBUG -DUSE_HAL_DRIVER -DSTM32F407xx -c -I../Core/Inc -I../Drivers/STM32F4xx_HAL_Driver/Inc -I../Drivers/STM32F4xx_HAL_Driver/Inc/Legacy -I../Drivers/CMSIS/Device/ST/STM32F4xx/Include -I../Drivers/CMSIS/Include -O0 -ffunction-sections -fdata-sections -Wall -fstack-usage -MMD -MP -MF"Core/Src/main.d" -MT"Core/Src/main.o" --specs=nano.specs -mfpu=fpv4-sp-d16 -mfloat-abi=hard -mthumb -o "Core/Src/main.o"
arm-none-eabi-gcc -o "006_hal_adc_multi_with_interrupt.elf" @"objects.list"   -mcpu=cortex-m4 -T"C:\Users\ilkay\STM32CubeIDE\muho_kose\006_adc_multi\STM32F407VGTX_FLASH.ld" --specs=nosys.specs -Wl,-Map="006_hal_adc_multi_with_interrupt.map" -Wl,--gc-sections -static --specs=nano.specs -mfpu=fpv4-sp-d16 -mfloat-abi=hard -mthumb -Wl,--start-group -lc -lm -Wl,--end-group
Finished building target: 006_hal_adc_multi_with_interrupt.elf
 
arm-none-eabi-size   006_hal_adc_multi_with_interrupt.elf 
arm-none-eabi-objdump -h -S  006_hal_adc_multi_with_interrupt.elf  > "006_hal_adc_multi_with_interrupt.list"
   text	   data	    bss	    dec	    hex	filename
   9168	     20	   1748	  10936	   2ab8	006_hal_adc_multi_with_interrupt.elf
Finished building: default.size.stdout
 
Finished building: 006_hal_adc_multi_with_interrupt.list
 

14:20:27 Build Finished. 0 errors, 0 warnings. (took 22s.59ms)

