16:09:34 **** Incremental Build of configuration Debug for project 007_hal_dac ****
make -j4 all 
arm-none-eabi-gcc "../Core/Src/main.c" -mcpu=cortex-m4 -std=gnu11 -g3 -DDEBUG -DUSE_HAL_DRIVER -DSTM32F407xx -c -I../Core/Inc -I../Drivers/STM32F4xx_HAL_Driver/Inc -I../Drivers/STM32F4xx_HAL_Driver/Inc/Legacy -I../Drivers/CMSIS/Device/ST/STM32F4xx/Include -I../Drivers/CMSIS/Include -O0 -ffunction-sections -fdata-sections -Wall -fstack-usage -MMD -MP -MF"Core/Src/main.d" -MT"Core/Src/main.o" --specs=nano.specs -mfpu=fpv4-sp-d16 -mfloat-abi=hard -mthumb -o "Core/Src/main.o"
arm-none-eabi-gcc -o "007_hal_dac.elf" @"objects.list"   -mcpu=cortex-m4 -T"C:\Users\ilkay\STM32CubeIDE\muho_kose\007_hal_dac\STM32F407VGTX_FLASH.ld" --specs=nosys.specs -Wl,-Map="007_hal_dac.map" -Wl,--gc-sections -static --specs=nano.specs -mfpu=fpv4-sp-d16 -mfloat-abi=hard -mthumb -Wl,--start-group -lc -lm -Wl,--end-group
Finished building target: 007_hal_dac.elf
 
arm-none-eabi-size   007_hal_dac.elf 
arm-none-eabi-objdump -h -S  007_hal_dac.elf  > "007_hal_dac.list"
   text	   data	    bss	    dec	    hex	filename
   6576	     20	   1596	   8192	   2000	007_hal_dac.elf
Finished building: default.size.stdout
 
Finished building: 007_hal_dac.list
 

16:09:55 Build Finished. 0 errors, 0 warnings. (took 21s.153ms)

