20:46:44 **** Incremental Build of configuration Debug for project 008_hal_timer_ext_trig_mode1 ****
make -j4 all 
arm-none-eabi-gcc "../Core/Src/main.c" -mcpu=cortex-m4 -std=gnu11 -g3 -DDEBUG -DUSE_HAL_DRIVER -DSTM32F407xx -c -I../Core/Inc -I../Drivers/STM32F4xx_HAL_Driver/Inc -I../Drivers/STM32F4xx_HAL_Driver/Inc/Legacy -I../Drivers/CMSIS/Device/ST/STM32F4xx/Include -I../Drivers/CMSIS/Include -O0 -ffunction-sections -fdata-sections -Wall -fstack-usage -MMD -MP -MF"Core/Src/main.d" -MT"Core/Src/main.o" --specs=nano.specs -mfpu=fpv4-sp-d16 -mfloat-abi=hard -mthumb -o "Core/Src/main.o"
arm-none-eabi-gcc -o "008_hal_timer_ext_trig_mode1.elf" @"objects.list"   -mcpu=cortex-m4 -T"C:\Users\ilkay\STM32CubeIDE\muho_kose\008_hal_timer_ext_trig_mode1\STM32F407VGTX_FLASH.ld" --specs=nosys.specs -Wl,-Map="008_hal_timer_ext_trig_mode1.map" -Wl,--gc-sections -static --specs=nano.specs -mfpu=fpv4-sp-d16 -mfloat-abi=hard -mthumb -Wl,--start-group -lc -lm -Wl,--end-group
Finished building target: 008_hal_timer_ext_trig_mode1.elf
 
arm-none-eabi-size   008_hal_timer_ext_trig_mode1.elf 
arm-none-eabi-objdump -h -S  008_hal_timer_ext_trig_mode1.elf  > "008_hal_timer_ext_trig_mode1.list"
   text	   data	    bss	    dec	    hex	filename
   7676	     20	   1644	   9340	   247c	008_hal_timer_ext_trig_mode1.elf
Finished building: default.size.stdout
 
Finished building: 008_hal_timer_ext_trig_mode1.list
 

20:46:46 Build Finished. 0 errors, 0 warnings. (took 2s.425ms)

