16:12:03 **** Build of configuration Debug for project 009_hal_dma_adc_multi ****
make -j4 all 
arm-none-eabi-gcc "../Core/Src/main.c" -mcpu=cortex-m4 -std=gnu11 -g3 -DDEBUG -DUSE_HAL_DRIVER -DSTM32F407xx -c -I../Core/Inc -I../Drivers/STM32F4xx_HAL_Driver/Inc -I../Drivers/STM32F4xx_HAL_Driver/Inc/Legacy -I../Drivers/CMSIS/Device/ST/STM32F4xx/Include -I../Drivers/CMSIS/Include -O0 -ffunction-sections -fdata-sections -Wall -fstack-usage -MMD -MP -MF"Core/Src/main.d" -MT"Core/Src/main.o" --specs=nano.specs -mfpu=fpv4-sp-d16 -mfloat-abi=hard -mthumb -o "Core/Src/main.o"
arm-none-eabi-gcc -o "009_hal_dma_adc_multi.elf" @"objects.list"   -mcpu=cortex-m4 -T"C:\Users\ilkay\STM32CubeIDE\muho_kose\009_hal_dma_adc_multi\STM32F407VGTX_FLASH.ld" --specs=nosys.specs -Wl,-Map="009_hal_dma_adc_multi.map" -Wl,--gc-sections -static --specs=nano.specs -mfpu=fpv4-sp-d16 -mfloat-abi=hard -mthumb -Wl,--start-group -lc -lm -Wl,--end-group
Finished building target: 009_hal_dma_adc_multi.elf
 
arm-none-eabi-size   009_hal_dma_adc_multi.elf 
arm-none-eabi-objdump -h -S  009_hal_dma_adc_multi.elf  > "009_hal_dma_adc_multi.list"
   text	   data	    bss	    dec	    hex	filename
  10244	     20	   1748	  12012	   2eec	009_hal_dma_adc_multi.elf
Finished building: default.size.stdout
 
Finished building: 009_hal_dma_adc_multi.list
 

16:12:14 Build Finished. 0 errors, 0 warnings. (took 10s.712ms)

