17:05:50 **** Incremental Build of configuration Debug for project 010_hal_usart_rx_receive_data ****
make -j4 all 
arm-none-eabi-gcc "../Core/Src/main.c" -mcpu=cortex-m4 -std=gnu11 -g3 -DDEBUG -DUSE_HAL_DRIVER -DSTM32F407xx -c -I../Core/Inc -I../Drivers/STM32F4xx_HAL_Driver/Inc -I../Drivers/STM32F4xx_HAL_Driver/Inc/Legacy -I../Drivers/CMSIS/Device/ST/STM32F4xx/Include -I../Drivers/CMSIS/Include -O0 -ffunction-sections -fdata-sections -Wall -fstack-usage -MMD -MP -MF"Core/Src/main.d" -MT"Core/Src/main.o" --specs=nano.specs -mfpu=fpv4-sp-d16 -mfloat-abi=hard -mthumb -o "Core/Src/main.o"
arm-none-eabi-gcc -o "010_hal_usart_rx_receive_data.elf" @"objects.list"   -mcpu=cortex-m4 -T"C:\Users\ilkay\STM32CubeIDE\muho_kose\010_hal_usart_rx_receive_data\STM32F407VGTX_FLASH.ld" --specs=nosys.specs -Wl,-Map="010_hal_usart_rx_receive_data.map" -Wl,--gc-sections -static --specs=nano.specs -mfpu=fpv4-sp-d16 -mfloat-abi=hard -mthumb -Wl,--start-group -lc -lm -Wl,--end-group
Finished building target: 010_hal_usart_rx_receive_data.elf
 
arm-none-eabi-size   010_hal_usart_rx_receive_data.elf 
arm-none-eabi-objdump -h -S  010_hal_usart_rx_receive_data.elf  > "010_hal_usart_rx_receive_data.list"
   text	   data	    bss	    dec	    hex	filename
   8408	     20	   1692	  10120	   2788	010_hal_usart_rx_receive_data.elf
Finished building: default.size.stdout
 
Finished building: 010_hal_usart_rx_receive_data.list
 
