<html>
<body>
<pre>
<h1>µVision Build Log</h1>
<h2>Tool Versions:</h2>
IDE-Version: µVision V5.37.0.0
Copyright (C) 2022 ARM Ltd and ARM Germany GmbH. All rights reserved.
License Information: sd ilkay, as, LIC=----
 
Tool Versions:
Toolchain:       MDK-Lite  Version: 5.37.0.0
Toolchain Path:  C:\Keil_v5\ARM\ARMCLANG\Bin
C Compiler:      ArmClang.exe V6.18
Assembler:       Armasm.exe V6.18
Linker/Locator:  ArmLink.exe V6.18
Library Manager: ArmAr.exe V6.18
Hex Converter:   FromElf.exe V6.18
CPU DLL:         SARMCM3.DLL V5.37.0.0
Dialog DLL:      DCM.DLL V1.17.5.0
Target DLL:      UL2CM3.DLL V1.164.7.0
Dialog DLL:      TCM.DLL V1.56.1.0
 
<h2>Project:</h2>
C:\Users\ilkay\Desktop\embed\013_adc\adc.uvprojx
Project File Date:  07/19/2022

<h2>Output:</h2>
*** Using Compiler 'V6.18', folder: 'C:\Keil_v5\ARM\ARMCLANG\Bin'
Build target 'Target 1'
Main.c(1): warning: // comments are not allowed in this language [-Wcomment]
#include "stm32f10x.h"                  // Device header
                                        ^
Main.c(3): warning: no previous extern declaration for non-static variable 'ebru' [-Wmissing-variable-declarations]
uint16_t ebru=0;
         ^
Main.c(3): note: declare 'static' if the variable is not intended to be used outside of this translation unit
uint16_t ebru=0;
^
Main.c(5): warning: no previous prototype for function 'gpioco' [-Wmissing-prototypes]
void gpioco(){
     ^
Main.c(5): note: declare 'static' if the function is not intended to be used outside of this translation unit
void gpioco(){
^
static 
Main.c(5): warning: this old-style function definition is not preceded by a prototype [-Wstrict-prototypes]
void gpioco(){
           ^
Main.c(1): warning: In file included from...
C:/Users/ilkay/AppData/Local/Arm/Packs/Keil/STM32F1xx_DFP/2.4.0/Device/Include\stm32f10x.h(8347): warning: In file included from...
./RTE/Device/STM32F100RB\stm32f10x_conf.h(30): warning: In file included from...
C:/Users/ilkay/AppData/Local/Arm/Packs/Keil/STM32F1xx_DFP/2.4.0/Device/StdPeriph_Driver/inc\stm32f10x_adc.h(63): warning: padding struct 'ADC_InitTypeDef' with 2 bytes to align 'ADC_ExternalTrigConv' [-Wpadded]
  uint32_t ADC_ExternalTrigConv;          /*!< Defines the external trigger used to start the analog
           ^
C:/Users/ilkay/AppData/Local/Arm/Packs/Keil/STM32F1xx_DFP/2.4.0/Device/StdPeriph_Driver/inc\stm32f10x_adc.h(49): warning: padding size of 'ADC_InitTypeDef' with 3 bytes to alignment boundary [-Wpadded]
typedef struct
        ^
Main.c(24): warning: no previous prototype for function 'adcconf' [-Wmissing-prototypes]
void adcconf(){
     ^
Main.c(24): note: declare 'static' if the function is not intended to be used outside of this translation unit
void adcconf(){
^
static 
Main.c(24): warning: this old-style function definition is not preceded by a prototype [-Wstrict-prototypes]
void adcconf(){
            ^
Main.c(41): warning: no previous prototype for function 'adcfunction' [-Wmissing-prototypes]
uint16_t adcfunction(){
         ^
Main.c(41): note: declare 'static' if the function is not intended to be used outside of this translation unit
uint16_t adcfunction(){
^
static 
Main.c(41): warning: this old-style function definition is not preceded by a prototype [-Wstrict-prototypes]
uint16_t adcfunction(){
                    ^
Main.c(48): warning: no previous prototype for function 'map' [-Wmissing-prototypes]
float map(float adc,float max,float min,float conmax,float conmin){
      ^
Main.c(48): note: declare 'static' if the function is not intended to be used outside of this translation unit
float map(float adc,float max,float min,float conmax,float conmin){
^
static 
Main.c(73): warning: no newline at end of file [-Wnewline-eof]
}
 ^
Main.c(4): warning: no previous extern declaration for non-static variable 'mapvalue' [-Wmissing-variable-declarations]
float mapvalue;
      ^
Main.c(4): note: declare 'static' if the variable is not intended to be used outside of this translation unit
float mapvalue;
^
13 warnings generated.
compiling Main.c...
linking...
Program Size: Code=4140 RO-data=304 RW-data=0 ZI-data=1640  
".\Objects\adc.axf" - 0 Error(s), 13 Warning(s).

<h2>Software Packages used:</h2>

Package Vendor: ARM
                http://www.keil.com/pack/ARM.CMSIS.5.9.0.pack
                ARM.CMSIS.5.9.0
                CMSIS (Common Microcontroller Software Interface Standard)
   * Component: CORE Version: 5.6.0

Package Vendor: Keil
                http://www.keil.com/pack/Keil.STM32F1xx_DFP.2.4.0.pack
                Keil.STM32F1xx_DFP.2.4.0
                STMicroelectronics STM32F1 Series Device Support, Drivers and Examples
   * Component: GPIO Version: 1.3
   * Component: Startup Version: 1.0.0
   * Component: ADC Version: 3.6.0
   * Component: Framework Version: 3.6.0
   * Component: GPIO Version: 3.6.0
   * Component: RCC Version: 3.6.0

<h2>Collection of Component include folders:</h2>
  ./RTE/Device/STM32F100RB
  ./RTE/_Target_1
  C:/Users/ilkay/AppData/Local/Arm/Packs/ARM/CMSIS/5.9.0/CMSIS/Core/Include
  C:/Users/ilkay/AppData/Local/Arm/Packs/Keil/STM32F1xx_DFP/2.4.0/Device/Include
  C:/Users/ilkay/AppData/Local/Arm/Packs/Keil/STM32F1xx_DFP/2.4.0/Device/StdPeriph_Driver/inc
  C:/Users/ilkay/AppData/Local/Arm/Packs/Keil/STM32F1xx_DFP/2.4.0/RTE_Driver

<h2>Collection of Component Files used:</h2>

   * Component: ARM::CMSIS:CORE:5.6.0

   * Component: Keil::Device:GPIO:1.3
      Include file:  RTE_Driver/GPIO_STM32F10x.h
      Source file:   RTE_Driver/GPIO_STM32F10x.c

   * Component: Keil::Device:Startup:1.0.0
      Source file:   Device/Source/system_stm32f10x.c
      Source file:   Device/Source/ARM/STM32F1xx_OPT.s
      Include file:  RTE_Driver/Config/RTE_Device.h
      Source file:   Device/Source/ARM/startup_stm32f10x_md_vl.s

   * Component: Keil::Device:StdPeriph Drivers:ADC:3.6.0
      Include file:  Device/StdPeriph_Driver/inc/stm32f10x_adc.h
      Source file:   Device/StdPeriph_Driver/src/stm32f10x_adc.c

   * Component: Keil::Device:StdPeriph Drivers:Framework:3.6.0
      Source file:   Device/StdPeriph_Driver/templates/stm32f10x_conf.h
      Include file:  Device/StdPeriph_Driver/templates/stm32f10x_it.h
      Source file:   Device/StdPeriph_Driver/src/misc.c
      Source file:   Device/StdPeriph_Driver/templates/stm32f10x_it.c
      Include file:  Device/StdPeriph_Driver/inc/misc.h

   * Component: Keil::Device:StdPeriph Drivers:GPIO:3.6.0
      Source file:   Device/StdPeriph_Driver/src/stm32f10x_gpio.c
      Include file:  Device/StdPeriph_Driver/inc/stm32f10x_gpio.h

   * Component: Keil::Device:StdPeriph Drivers:RCC:3.6.0
      Include file:  Device/StdPeriph_Driver/inc/stm32f10x_rcc.h
      Source file:   Device/StdPeriph_Driver/src/stm32f10x_rcc.c
Build Time Elapsed:  00:00:01
</pre>
</body>
</html>
