../Core/Src/main.c:127:6:findSlaveAddress	8	static
../Core/Src/main.c:139:6:sd_card_start	16	static
../Core/Src/main.c:169:6:sd_card_stop	16	static
../Core/Src/main.c:177:6:sd_card_write	16	static
../Core/Src/main.c:182:6:i2c1_AM2320_sensor	24	static
../Core/Src/main.c:192:6:ADXL345_Read	32	static
../Core/Src/main.c:198:6:ADXL345_Write	32	static
../Core/Src/main.c:205:6:ADXL345_Init	8	static
../Core/Src/main.c:215:6:i2c1_adxl345_sensor	8	static
../Core/Src/main.c:230:6:i2c1_bmp180_sensor	8	static
../Core/Src/main.c:244:6:HAL_TIM_PeriodElapsedCallback	16	static
../Core/Src/main.c:267:5:main	8	static
../Core/Src/main.c:333:6:SystemClock_Config	88	static
../Core/Src/main.c:379:13:MX_I2C1_Init	8	static
../Core/Src/main.c:413:13:MX_SDIO_SD_Init	4	static
../Core/Src/main.c:441:13:MX_TIM2_Init	32	static
../Core/Src/main.c:484:13:MX_DMA_Init	16	static
../Core/Src/main.c:505:13:MX_GPIO_Init	32	static
../Core/Src/main.c:529:6:Error_Handler	4	static,ignoring_inline_asm
