<html>
<body>
<pre>
<h1>µVision Build Log</h1>
<h2>Tool Versions:</h2>
IDE-Version: µVision V5.37.0.0
Copyright (C) 2022 ARM Ltd and ARM Germany GmbH. All rights reserved.
License Information: sd ilkay, as, LIC=----
 
Tool Versions:
Toolchain:       MDK-Lite  Version: 5.37.0.0
Toolchain Path:  C:\Keil_v5\ARM\ARMCLANG\Bin
C Compiler:      ArmClang.exe V6.18
Assembler:       Armasm.exe V6.18
Linker/Locator:  ArmLink.exe V6.18
Library Manager: ArmAr.exe V6.18
Hex Converter:   FromElf.exe V6.18
CPU DLL:         SARMCM3.DLL V5.37.0.0
Dialog DLL:      DCM.DLL V1.17.5.0
Target DLL:      UL2CM3.DLL V1.164.7.0
Dialog DLL:      TCM.DLL V1.56.1.0
 
<h2>Project:</h2>
C:\Users\ilkay\Desktop\embed\011_interrupt\interrupt.uvprojx
Project File Date:  07/23/2022

<h2>Output:</h2>
*** Using Compiler 'V6.18', folder: 'C:\Keil_v5\ARM\ARMCLANG\Bin'
Build target 'Target 1'
Main.c(5): warning: no previous extern declaration for non-static variable 'cnt' [-Wmissing-variable-declarations]
uint16_t cnt=0;
         ^
Main.c(5): note: declare 'static' if the variable is not intended to be used outside of this translation unit
uint16_t cnt=0;
^
Main.c(6): warning: no previous prototype for function 'gpioConfig' [-Wmissing-prototypes]
void gpioConfig(){
     ^
Main.c(6): note: declare 'static' if the function is not intended to be used outside of this translation unit
void gpioConfig(){
^
static 
Main.c(6): warning: this old-style function definition is not preceded by a prototype [-Wstrict-prototypes]
void gpioConfig(){
               ^
Main.c(2): warning: In file included from...
C:/Users/ilkay/AppData/Local/Arm/Packs/Keil/STM32F1xx_DFP/2.4.0/Device/StdPeriph_Driver/inc\stm32f10x_exti.h(75): warning: padding size of 'EXTI_InitTypeDef' with 1 byte to alignment boundary [-Wpadded]
typedef struct
        ^
Main.c(27): warning: no previous prototype for function 'interruptconfig' [-Wmissing-prototypes]
void interruptconfig(){
     ^
Main.c(27): note: declare 'static' if the function is not intended to be used outside of this translation unit
void interruptconfig(){
^
static 
Main.c(27): warning: this old-style function definition is not preceded by a prototype [-Wstrict-prototypes]
void interruptconfig(){
                    ^
Main.c(77): warning: no previous prototype for function 'delay' [-Wmissing-prototypes]
void delay(uint16_t tt){
     ^
Main.c(77): note: declare 'static' if the function is not intended to be used outside of this translation unit
void delay(uint16_t tt){
^
static 
Main.c(82): warning: no previous prototype for function 'EXTI9_5_IRQHandler' [-Wmissing-prototypes]
void EXTI9_5_IRQHandler(){
     ^
Main.c(82): note: declare 'static' if the function is not intended to be used outside of this translation unit
void EXTI9_5_IRQHandler(){
^
static 
Main.c(82): warning: this old-style function definition is not preceded by a prototype [-Wstrict-prototypes]
void EXTI9_5_IRQHandler(){
                       ^
Main.c(87): warning: implicit conversion from 'int' to 'uint16_t' (aka 'unsigned short') changes value from 36000000 to 20736 [-Wconstant-conversion]
                delay(36000000);
                ~~~~~ ^~~~~~~~
Main.c(95): warning: no previous prototype for function 'EXTI2_IRQHandler' [-Wmissing-prototypes]
void EXTI2_IRQHandler(){
     ^
Main.c(95): note: declare 'static' if the function is not intended to be used outside of this translation unit
void EXTI2_IRQHandler(){
^
static 
Main.c(95): warning: this old-style function definition is not preceded by a prototype [-Wstrict-prototypes]
void EXTI2_IRQHandler(){
                     ^
Main.c(98): warning: implicit conversion from 'int' to 'uint16_t' (aka 'unsigned short') changes value from 36000000 to 20736 [-Wconstant-conversion]
                delay(36000000);
                ~~~~~ ^~~~~~~~
Main.c(109): warning: declaration shadows a local variable [-Wshadow]
                for(int i=0;i<3;i++){
                        ^
Main.c(107): note: previous declaration is here
        int arr[3]={GPIO_Pin_0 , GPIO_Pin_1 , GPIO_Pin_2},i=0;
                                                          ^
Main.c(110): warning: implicit conversion loses integer precision: 'int' to 'uint16_t' (aka 'unsigned short') [-Wimplicit-int-conversion]
                        GPIO_SetBits(GPIOB,arr[i]);
                        ~~~~~~~~~~~~       ^~~~~~
Main.c(112): warning: implicit conversion loses integer precision: 'int' to 'uint16_t' (aka 'unsigned short') [-Wimplicit-int-conversion]
                        GPIO_ResetBits(GPIOB,arr[i]);
                        ~~~~~~~~~~~~~~       ^~~~~~
Main.c(116): warning: implicit conversion loses integer precision: 'int' to 'uint16_t' (aka 'unsigned short') [-Wimplicit-int-conversion]
                        GPIO_SetBits(GPIOB,arr[j]);
                        ~~~~~~~~~~~~       ^~~~~~
Main.c(118): warning: implicit conversion loses integer precision: 'int' to 'uint16_t' (aka 'unsigned short') [-Wimplicit-int-conversion]
                        GPIO_ResetBits(GPIOB,arr[j]);
                        ~~~~~~~~~~~~~~       ^~~~~~
Main.c(107): warning: mixing declarations and code is incompatible with standards before C99 [-Wdeclaration-after-statement]
        int arr[3]={GPIO_Pin_0 , GPIO_Pin_1 , GPIO_Pin_2},i=0;
            ^
Main.c(107): warning: unused variable 'i' [-Wunused-variable]
        int arr[3]={GPIO_Pin_0 , GPIO_Pin_1 , GPIO_Pin_2},i=0;
                                                          ^
Main.c(111): warning: implicit conversion from 'int' to 'uint16_t' (aka 'unsigned short') changes value from 360000 to 32320 [-Wconstant-conversion]
                        delay(360000);
                        ~~~~~ ^~~~~~
Main.c(113): warning: implicit conversion from 'int' to 'uint16_t' (aka 'unsigned short') changes value from 360000 to 32320 [-Wconstant-conversion]
                        delay(360000);
                        ~~~~~ ^~~~~~
Main.c(117): warning: implicit conversion from 'int' to 'uint16_t' (aka 'unsigned short') changes value from 360000 to 32320 [-Wconstant-conversion]
                        delay(360000);
                        ~~~~~ ^~~~~~
Main.c(119): warning: implicit conversion from 'int' to 'uint16_t' (aka 'unsigned short') changes value from 360000 to 32320 [-Wconstant-conversion]
                        delay(360000);
                        ~~~~~ ^~~~~~
24 warnings generated.
compiling Main.c...
linking...
Program Size: Code=1636 RO-data=316 RW-data=0 ZI-data=1632  
FromELF: creating hex file...
".\Objects\interrupt.axf" - 0 Error(s), 24 Warning(s).

<h2>Software Packages used:</h2>

Package Vendor: ARM
                http://www.keil.com/pack/ARM.CMSIS.5.9.0.pack
                ARM.CMSIS.5.9.0
                CMSIS (Common Microcontroller Software Interface Standard)
   * Component: CORE Version: 5.6.0

Package Vendor: Keil
                http://www.keil.com/pack/Keil.STM32F1xx_DFP.2.4.0.pack
                Keil.STM32F1xx_DFP.2.4.0
                STMicroelectronics STM32F1 Series Device Support, Drivers and Examples
   * Component: GPIO Version: 1.3
   * Component: Startup Version: 1.0.0
   * Component: EXTI Version: 3.6.0
   * Component: Framework Version: 3.6.0
   * Component: GPIO Version: 3.6.0
   * Component: RCC Version: 3.6.0

<h2>Collection of Component include folders:</h2>
  ./RTE/Device/STM32F100RB
  ./RTE/_Target_1
  C:/Users/ilkay/AppData/Local/Arm/Packs/ARM/CMSIS/5.9.0/CMSIS/Core/Include
  C:/Users/ilkay/AppData/Local/Arm/Packs/Keil/STM32F1xx_DFP/2.4.0/Device/Include
  C:/Users/ilkay/AppData/Local/Arm/Packs/Keil/STM32F1xx_DFP/2.4.0/Device/StdPeriph_Driver/inc
  C:/Users/ilkay/AppData/Local/Arm/Packs/Keil/STM32F1xx_DFP/2.4.0/RTE_Driver

<h2>Collection of Component Files used:</h2>

   * Component: ARM::CMSIS:CORE:5.6.0

   * Component: Keil::Device:GPIO:1.3
      Source file:   RTE_Driver/GPIO_STM32F10x.c
      Include file:  RTE_Driver/GPIO_STM32F10x.h

   * Component: Keil::Device:Startup:1.0.0
      Source file:   Device/Source/ARM/startup_stm32f10x_md_vl.s
      Include file:  RTE_Driver/Config/RTE_Device.h
      Source file:   Device/Source/ARM/STM32F1xx_OPT.s
      Source file:   Device/Source/system_stm32f10x.c

   * Component: Keil::Device:StdPeriph Drivers:EXTI:3.6.0
      Source file:   Device/StdPeriph_Driver/src/stm32f10x_exti.c
      Include file:  Device/StdPeriph_Driver/inc/stm32f10x_exti.h

   * Component: Keil::Device:StdPeriph Drivers:Framework:3.6.0
      Include file:  Device/StdPeriph_Driver/inc/misc.h
      Include file:  Device/StdPeriph_Driver/templates/stm32f10x_it.h
      Source file:   Device/StdPeriph_Driver/templates/stm32f10x_conf.h
      Source file:   Device/StdPeriph_Driver/templates/stm32f10x_it.c
      Source file:   Device/StdPeriph_Driver/src/misc.c

   * Component: Keil::Device:StdPeriph Drivers:GPIO:3.6.0
      Include file:  Device/StdPeriph_Driver/inc/stm32f10x_gpio.h
      Source file:   Device/StdPeriph_Driver/src/stm32f10x_gpio.c

   * Component: Keil::Device:StdPeriph Drivers:RCC:3.6.0
      Include file:  Device/StdPeriph_Driver/inc/stm32f10x_rcc.h
      Source file:   Device/StdPeriph_Driver/src/stm32f10x_rcc.c
Build Time Elapsed:  00:00:02
</pre>
</body>
</html>
